<?xml version="1.0" encoding="ISO-8859-1" ?>
<link_info>
   <banner>TI ARM Linker Unix v18.12.3.LTS</banner>
   <copyright>Copyright (c) 1996-2018 Texas Instruments Incorporated</copyright>
   <link_time>0x5de6b41e</link_time>
   <link_errors>0x0</link_errors>
   <output_file>sd_card.out</output_file>
   <entry_point>
      <name>_c_int00_noargs</name>
      <address>0xa809</address>
   </entry_point>
   <input_file_list>
      <input_file id="fl-1">
         <path>./</path>
         <kind>object</kind>
         <file>flash.obj</file>
         <name>flash.obj</name>
      </input_file>
      <input_file id="fl-2">
         <path>./</path>
         <kind>object</kind>
         <file>project0.obj</file>
         <name>project0.obj</name>
      </input_file>
      <input_file id="fl-3">
         <path>./</path>
         <kind>object</kind>
         <file>sd_card.obj</file>
         <name>sd_card.obj</name>
      </input_file>
      <input_file id="fl-4">
         <path>./</path>
         <kind>object</kind>
         <file>startup_ccs.obj</file>
         <name>startup_ccs.obj</name>
      </input_file>
      <input_file id="fl-5">
         <path>./drivers/</path>
         <kind>object</kind>
         <file>cfal96x64x16.obj</file>
         <name>cfal96x64x16.obj</name>
      </input_file>
      <input_file id="fl-6">
         <path>./third_party/fatfs/port/</path>
         <kind>object</kind>
         <file>mmc-dk-tm4c123g.obj</file>
         <name>mmc-dk-tm4c123g.obj</name>
      </input_file>
      <input_file id="fl-7">
         <path>./third_party/fatfs/src/</path>
         <kind>object</kind>
         <file>ff.obj</file>
         <name>ff.obj</name>
      </input_file>
      <input_file id="fl-8">
         <path>./third_party/fatfs/src/option/</path>
         <kind>object</kind>
         <file>cc932.obj</file>
         <name>cc932.obj</name>
      </input_file>
      <input_file id="fl-9">
         <path>./utils/</path>
         <kind>object</kind>
         <file>cmdline.obj</file>
         <name>cmdline.obj</name>
      </input_file>
      <input_file id="fl-a">
         <path>./utils/</path>
         <kind>object</kind>
         <file>uartstdio.obj</file>
         <name>uartstdio.obj</name>
      </input_file>
      <input_file id="fl-10">
         <kind>object</kind>
         <file>&lt;internal&gt;</file>
         <name>&lt;internal&gt;</name>
      </input_file>
      <input_file id="fl-c6">
         <path>/Applications/ti/ccs920/ccs/tools/compiler/ti-cgt-arm_18.12.3.LTS/lib/</path>
         <kind>archive</kind>
         <file>rtsv7M4_T_le_v4SPD16_eabi.lib</file>
         <name>u_divt2.asm.obj</name>
      </input_file>
      <input_file id="fl-c7">
         <path>/Applications/ti/ccs920/ccs/tools/compiler/ti-cgt-arm_18.12.3.LTS/lib/</path>
         <kind>archive</kind>
         <file>rtsv7M4_T_le_v4SPD16_eabi.lib</file>
         <name>copy_zero_init.c.obj</name>
      </input_file>
      <input_file id="fl-c8">
         <path>/Applications/ti/ccs920/ccs/tools/compiler/ti-cgt-arm_18.12.3.LTS/lib/</path>
         <kind>archive</kind>
         <file>rtsv7M4_T_le_v4SPD16_eabi.lib</file>
         <name>copy_decompress_none.c.obj</name>
      </input_file>
      <input_file id="fl-c9">
         <path>/Applications/ti/ccs920/ccs/tools/compiler/ti-cgt-arm_18.12.3.LTS/lib/</path>
         <kind>archive</kind>
         <file>rtsv7M4_T_le_v4SPD16_eabi.lib</file>
         <name>copy_decompress_lzss.c.obj</name>
      </input_file>
      <input_file id="fl-ca">
         <path>/Applications/ti/ccs920/ccs/tools/compiler/ti-cgt-arm_18.12.3.LTS/lib/</path>
         <kind>archive</kind>
         <file>rtsv7M4_T_le_v4SPD16_eabi.lib</file>
         <name>strcat.c.obj</name>
      </input_file>
      <input_file id="fl-cb">
         <path>/Applications/ti/ccs920/ccs/tools/compiler/ti-cgt-arm_18.12.3.LTS/lib/</path>
         <kind>archive</kind>
         <file>rtsv7M4_T_le_v4SPD16_eabi.lib</file>
         <name>strcmp.c.obj</name>
      </input_file>
      <input_file id="fl-cc">
         <path>/Applications/ti/ccs920/ccs/tools/compiler/ti-cgt-arm_18.12.3.LTS/lib/</path>
         <kind>archive</kind>
         <file>rtsv7M4_T_le_v4SPD16_eabi.lib</file>
         <name>strcpy.c.obj</name>
      </input_file>
      <input_file id="fl-cd">
         <path>/Applications/ti/ccs920/ccs/tools/compiler/ti-cgt-arm_18.12.3.LTS/lib/</path>
         <kind>archive</kind>
         <file>rtsv7M4_T_le_v4SPD16_eabi.lib</file>
         <name>strlen.c.obj</name>
      </input_file>
      <input_file id="fl-ce">
         <path>/Applications/ti/ccs920/ccs/tools/compiler/ti-cgt-arm_18.12.3.LTS/lib/</path>
         <kind>archive</kind>
         <file>rtsv7M4_T_le_v4SPD16_eabi.lib</file>
         <name>strncpy.c.obj</name>
      </input_file>
      <input_file id="fl-cf">
         <path>/Applications/ti/ccs920/ccs/tools/compiler/ti-cgt-arm_18.12.3.LTS/lib/</path>
         <kind>archive</kind>
         <file>rtsv7M4_T_le_v4SPD16_eabi.lib</file>
         <name>boot_cortex_m.c.obj</name>
      </input_file>
      <input_file id="fl-d0">
         <path>/Applications/ti/ccs920/ccs/tools/compiler/ti-cgt-arm_18.12.3.LTS/lib/</path>
         <kind>archive</kind>
         <file>rtsv7M4_T_le_v4SPD16_eabi.lib</file>
         <name>div0.asm.obj</name>
      </input_file>
      <input_file id="fl-d1">
         <path>/Applications/ti/ccs920/ccs/tools/compiler/ti-cgt-arm_18.12.3.LTS/lib/</path>
         <kind>archive</kind>
         <file>rtsv7M4_T_le_v4SPD16_eabi.lib</file>
         <name>memset_t2.asm.obj</name>
      </input_file>
      <input_file id="fl-d2">
         <path>/Applications/ti/ccs920/ccs/tools/compiler/ti-cgt-arm_18.12.3.LTS/lib/</path>
         <kind>archive</kind>
         <file>rtsv7M4_T_le_v4SPD16_eabi.lib</file>
         <name>memcpy_t2.asm.obj</name>
      </input_file>
      <input_file id="fl-d3">
         <path>/Applications/ti/ccs920/ccs/tools/compiler/ti-cgt-arm_18.12.3.LTS/lib/</path>
         <kind>archive</kind>
         <file>rtsv7M4_T_le_v4SPD16_eabi.lib</file>
         <name>autoinit.c.obj</name>
      </input_file>
      <input_file id="fl-d4">
         <path>/Applications/ti/ccs920/ccs/tools/compiler/ti-cgt-arm_18.12.3.LTS/lib/</path>
         <kind>archive</kind>
         <file>rtsv7M4_T_le_v4SPD16_eabi.lib</file>
         <name>pre_init.c.obj</name>
      </input_file>
      <input_file id="fl-d5">
         <path>/Applications/ti/ccs920/ccs/tools/compiler/ti-cgt-arm_18.12.3.LTS/lib/</path>
         <kind>archive</kind>
         <file>rtsv7M4_T_le_v4SPD16_eabi.lib</file>
         <name>cpy_tbl.c.obj</name>
      </input_file>
      <input_file id="fl-d6">
         <path>/Applications/ti/ccs920/ccs/tools/compiler/ti-cgt-arm_18.12.3.LTS/lib/</path>
         <kind>archive</kind>
         <file>rtsv7M4_T_le_v4SPD16_eabi.lib</file>
         <name>exit.c.obj</name>
      </input_file>
      <input_file id="fl-d7">
         <path>/Applications/ti/ccs920/ccs/tools/compiler/ti-cgt-arm_18.12.3.LTS/lib/</path>
         <kind>archive</kind>
         <file>rtsv7M4_T_le_v4SPD16_eabi.lib</file>
         <name>_lock.c.obj</name>
      </input_file>
      <input_file id="fl-d8">
         <path>/Applications/ti/ccs920/ccs/tools/compiler/ti-cgt-arm_18.12.3.LTS/lib/</path>
         <kind>archive</kind>
         <file>rtsv7M4_T_le_v4SPD16_eabi.lib</file>
         <name>args_main.c.obj</name>
      </input_file>
      <input_file id="fl-d9">
         <path>/Users/margalitnoa/ti/tivaware_c_series_2_1_4_178/driverlib/ccs/Debug/</path>
         <kind>archive</kind>
         <file>driverlib.lib</file>
         <name>gpio.obj</name>
      </input_file>
      <input_file id="fl-da">
         <path>/Users/margalitnoa/ti/tivaware_c_series_2_1_4_178/driverlib/ccs/Debug/</path>
         <kind>archive</kind>
         <file>driverlib.lib</file>
         <name>interrupt.obj</name>
      </input_file>
      <input_file id="fl-db">
         <path>/Users/margalitnoa/ti/tivaware_c_series_2_1_4_178/driverlib/ccs/Debug/</path>
         <kind>archive</kind>
         <file>driverlib.lib</file>
         <name>ssi.obj</name>
      </input_file>
      <input_file id="fl-dc">
         <path>/Users/margalitnoa/ti/tivaware_c_series_2_1_4_178/driverlib/ccs/Debug/</path>
         <kind>archive</kind>
         <file>driverlib.lib</file>
         <name>sysctl.obj</name>
      </input_file>
      <input_file id="fl-dd">
         <path>/Users/margalitnoa/ti/tivaware_c_series_2_1_4_178/driverlib/ccs/Debug/</path>
         <kind>archive</kind>
         <file>driverlib.lib</file>
         <name>uart.obj</name>
      </input_file>
      <input_file id="fl-de">
         <path>/Users/margalitnoa/ti/tivaware_c_series_2_1_4_178/driverlib/ccs/Debug/</path>
         <kind>archive</kind>
         <file>driverlib.lib</file>
         <name>cpu.obj</name>
      </input_file>
   </input_file_list>
   <object_component_list>
      <object_component id="oc-f">
         <name>.intvecs</name>
         <load_address>0x0</load_address>
         <run_address>0x0</run_address>
         <size>0x26c</size>
         <input_file_ref idref="fl-4"/>
      </object_component>
      <object_component id="oc-33c">
         <name>.text:chk_mounted</name>
         <load_address>0x7cd4</load_address>
         <run_address>0x7cd4</run_address>
         <size>0x308</size>
         <input_file_ref idref="fl-7"/>
      </object_component>
      <object_component id="oc-b7">
         <name>.text:main</name>
         <load_address>0x7fdc</load_address>
         <run_address>0x7fdc</run_address>
         <size>0x258</size>
         <input_file_ref idref="fl-3"/>
      </object_component>
      <object_component id="oc-3d6">
         <name>.text:create_name</name>
         <load_address>0x8234</load_address>
         <run_address>0x8234</run_address>
         <size>0x233</size>
         <input_file_ref idref="fl-7"/>
      </object_component>
      <object_component id="oc-18f">
         <name>.text:UARTvprintf</name>
         <load_address>0x8468</load_address>
         <run_address>0x8468</run_address>
         <size>0x1ee</size>
         <input_file_ref idref="fl-a"/>
      </object_component>
      <object_component id="oc-30">
         <name>.text:FaultISR</name>
         <load_address>0x8656</load_address>
         <run_address>0x8656</run_address>
         <size>0x2</size>
         <input_file_ref idref="fl-4"/>
      </object_component>
      <object_component id="oc-26a">
         <name>.text:Cmd_ls</name>
         <load_address>0x8658</load_address>
         <run_address>0x8658</run_address>
         <size>0x188</size>
         <input_file_ref idref="fl-3"/>
      </object_component>
      <object_component id="oc-318">
         <name>.text:f_read</name>
         <load_address>0x87e0</load_address>
         <run_address>0x87e0</run_address>
         <size>0x15e</size>
         <input_file_ref idref="fl-7"/>
      </object_component>
      <object_component id="oc-36">
         <name>.text:IntDefaultHandler</name>
         <load_address>0x893e</load_address>
         <run_address>0x893e</run_address>
         <size>0x2</size>
         <input_file_ref idref="fl-4"/>
      </object_component>
      <object_component id="oc-312">
         <name>.text:f_open</name>
         <load_address>0x8940</load_address>
         <run_address>0x8940</run_address>
         <size>0x150</size>
         <input_file_ref idref="fl-7"/>
      </object_component>
      <object_component id="oc-3c6">
         <name>.text:disk_initialize</name>
         <load_address>0x8a90</load_address>
         <run_address>0x8a90</run_address>
         <size>0x140</size>
         <input_file_ref idref="fl-6"/>
      </object_component>
      <object_component id="oc-295">
         <name>.text:GPIOPadConfigSet</name>
         <load_address>0x8bd0</load_address>
         <run_address>0x8bd0</run_address>
         <size>0x132</size>
         <input_file_ref idref="fl-d9"/>
      </object_component>
      <object_component id="oc-38c">
         <name>.text:dir_register</name>
         <load_address>0x8d02</load_address>
         <run_address>0x8d02</run_address>
         <size>0x112</size>
         <input_file_ref idref="fl-7"/>
      </object_component>
      <object_component id="oc-1e9">
         <name>.text:SysCtlClockGet</name>
         <load_address>0x8e14</load_address>
         <run_address>0x8e14</run_address>
         <size>0x110</size>
         <input_file_ref idref="fl-dc"/>
      </object_component>
      <object_component id="oc-270">
         <name>.text:Cmd_cd</name>
         <load_address>0x8f24</load_address>
         <run_address>0x8f24</run_address>
         <size>0x10c</size>
         <input_file_ref idref="fl-3"/>
      </object_component>
      <object_component id="oc-36a">
         <name>.text:dir_next</name>
         <load_address>0x9030</load_address>
         <run_address>0x9030</run_address>
         <size>0xf8</size>
         <input_file_ref idref="fl-7"/>
      </object_component>
      <object_component id="oc-364">
         <name>.text:get_fileinfo</name>
         <load_address>0x9128</load_address>
         <run_address>0x9128</run_address>
         <size>0xf8</size>
         <input_file_ref idref="fl-7"/>
      </object_component>
      <object_component id="oc-116">
         <name>.text:SysCtlClockSet</name>
         <load_address>0x9220</load_address>
         <run_address>0x9220</run_address>
         <size>0xf4</size>
         <input_file_ref idref="fl-dc"/>
      </object_component>
      <object_component id="oc-42e">
         <name>.text:put_fat</name>
         <load_address>0x9314</load_address>
         <run_address>0x9314</run_address>
         <size>0xe2</size>
         <input_file_ref idref="fl-7"/>
      </object_component>
      <object_component id="oc-2a">
         <name>.text:NmiSR</name>
         <load_address>0x93f6</load_address>
         <run_address>0x93f6</run_address>
         <size>0x2</size>
         <input_file_ref idref="fl-4"/>
      </object_component>
      <object_component id="oc-27c">
         <name>.text:Cmd_cat</name>
         <load_address>0x93f8</load_address>
         <run_address>0x93f8</run_address>
         <size>0xe0</size>
         <input_file_ref idref="fl-3"/>
      </object_component>
      <object_component id="oc-2e8">
         <name>.text:f_getfree</name>
         <load_address>0x94d8</load_address>
         <run_address>0x94d8</run_address>
         <size>0xd8</size>
         <input_file_ref idref="fl-7"/>
      </object_component>
      <object_component id="oc-377">
         <name>.text:get_fat</name>
         <load_address>0x95b0</load_address>
         <run_address>0x95b0</run_address>
         <size>0xcc</size>
         <input_file_ref idref="fl-7"/>
      </object_component>
      <object_component id="oc-3ab">
         <name>.text:disk_write</name>
         <load_address>0x967c</load_address>
         <run_address>0x967c</run_address>
         <size>0xb8</size>
         <input_file_ref idref="fl-6"/>
      </object_component>
      <object_component id="oc-3dc">
         <name>.text:dir_find</name>
         <load_address>0x9734</load_address>
         <run_address>0x9734</run_address>
         <size>0xb6</size>
         <input_file_ref idref="fl-7"/>
      </object_component>
      <object_component id="oc-2d5">
         <name>.text</name>
         <load_address>0x97ea</load_address>
         <run_address>0x97ea</run_address>
         <size>0x2</size>
         <input_file_ref idref="fl-d0"/>
      </object_component>
      <object_component id="oc-467">
         <name>.text:power_on</name>
         <load_address>0x97ec</load_address>
         <run_address>0x97ec</run_address>
         <size>0xa4</size>
         <input_file_ref idref="fl-6"/>
      </object_component>
      <object_component id="oc-419">
         <name>.text:gen_numname</name>
         <load_address>0x9890</load_address>
         <run_address>0x9890</run_address>
         <size>0xa0</size>
         <input_file_ref idref="fl-7"/>
      </object_component>
      <object_component id="oc-35e">
         <name>.text:dir_read</name>
         <load_address>0x9930</load_address>
         <run_address>0x9930</run_address>
         <size>0x9e</size>
         <input_file_ref idref="fl-7"/>
      </object_component>
      <object_component id="oc-50">
         <name>.text</name>
         <load_address>0x99ce</load_address>
         <run_address>0x99ce</run_address>
         <size>0x9c</size>
         <input_file_ref idref="fl-d2"/>
      </object_component>
      <object_component id="oc-104">
         <name>.text:UARTgets</name>
         <load_address>0x9a6c</load_address>
         <run_address>0x9a6c</run_address>
         <size>0x98</size>
         <input_file_ref idref="fl-a"/>
      </object_component>
      <object_component id="oc-3fc">
         <name>.text:create_chain</name>
         <load_address>0x9b04</load_address>
         <run_address>0x9b04</run_address>
         <size>0x98</size>
         <input_file_ref idref="fl-7"/>
      </object_component>
      <object_component id="oc-3b1">
         <name>.text:disk_read</name>
         <load_address>0x9b9c</load_address>
         <run_address>0x9b9c</run_address>
         <size>0x90</size>
         <input_file_ref idref="fl-6"/>
      </object_component>
      <object_component id="oc-11c">
         <name>.text:FLASHInit</name>
         <load_address>0x9c2c</load_address>
         <run_address>0x9c2c</run_address>
         <size>0x80</size>
         <input_file_ref idref="fl-1"/>
      </object_component>
      <object_component id="oc-34e">
         <name>.text:dir_sdi</name>
         <load_address>0x9cac</load_address>
         <run_address>0x9cac</run_address>
         <size>0x7c</size>
         <input_file_ref idref="fl-7"/>
      </object_component>
      <object_component id="oc-ab">
         <name>.text</name>
         <load_address>0x9d28</load_address>
         <run_address>0x9d28</run_address>
         <size>0x7a</size>
         <input_file_ref idref="fl-d1"/>
      </object_component>
      <object_component id="oc-ec">
         <name>.text:ConfigureUART</name>
         <load_address>0x9da4</load_address>
         <run_address>0x9da4</run_address>
         <size>0x74</size>
         <input_file_ref idref="fl-3"/>
      </object_component>
      <object_component id="oc-3cc">
         <name>.text:check_fs</name>
         <load_address>0x9e18</load_address>
         <run_address>0x9e18</run_address>
         <size>0x74</size>
         <input_file_ref idref="fl-7"/>
      </object_component>
      <object_component id="oc-496">
         <name>.text:cmp_lfn</name>
         <load_address>0x9e8c</load_address>
         <run_address>0x9e8c</run_address>
         <size>0x74</size>
         <input_file_ref idref="fl-7"/>
      </object_component>
      <object_component id="oc-12">
         <name>.text:decompress:lzss:__TI_decompress_lzss</name>
         <load_address>0x9f00</load_address>
         <run_address>0x9f00</run_address>
         <size>0x68</size>
         <input_file_ref idref="fl-c9"/>
      </object_component>
      <object_component id="oc-43c">
         <name>.text:send_cmd</name>
         <load_address>0x9f68</load_address>
         <run_address>0x9f68</run_address>
         <size>0x66</size>
         <input_file_ref idref="fl-6"/>
      </object_component>
      <object_component id="oc-10a">
         <name>.text:CmdLineProcess</name>
         <load_address>0x9fd0</load_address>
         <run_address>0x9fd0</run_address>
         <size>0x64</size>
         <input_file_ref idref="fl-9"/>
      </object_component>
      <object_component id="oc-264">
         <name>.text:Cmd_help</name>
         <load_address>0xa034</load_address>
         <run_address>0xa034</run_address>
         <size>0x64</size>
         <input_file_ref idref="fl-3"/>
      </object_component>
      <object_component id="oc-2dc">
         <name>.text:f_opendir</name>
         <load_address>0xa098</load_address>
         <run_address>0xa098</run_address>
         <size>0x64</size>
         <input_file_ref idref="fl-7"/>
      </object_component>
      <object_component id="oc-425">
         <name>.text:fit_lfn</name>
         <load_address>0xa0fc</load_address>
         <run_address>0xa0fc</run_address>
         <size>0x64</size>
         <input_file_ref idref="fl-7"/>
      </object_component>
      <object_component id="oc-342">
         <name>.text:follow_path</name>
         <load_address>0xa160</load_address>
         <run_address>0xa160</run_address>
         <size>0x64</size>
         <input_file_ref idref="fl-7"/>
      </object_component>
      <object_component id="oc-39e">
         <name>.text:remove_chain</name>
         <load_address>0xa1c4</load_address>
         <run_address>0xa1c4</run_address>
         <size>0x62</size>
         <input_file_ref idref="fl-7"/>
      </object_component>
      <object_component id="oc-188">
         <name>.text:UARTStdioConfig</name>
         <load_address>0xa228</load_address>
         <run_address>0xa228</run_address>
         <size>0x60</size>
         <input_file_ref idref="fl-a"/>
      </object_component>
      <object_component id="oc-3f5">
         <name>.text:ff_convert</name>
         <load_address>0xa288</load_address>
         <run_address>0xa288</run_address>
         <size>0x60</size>
         <input_file_ref idref="fl-8"/>
      </object_component>
      <object_component id="oc-3ee">
         <name>.text:pick_lfn</name>
         <load_address>0xa2e8</load_address>
         <run_address>0xa2e8</run_address>
         <size>0x60</size>
         <input_file_ref idref="fl-7"/>
      </object_component>
      <object_component id="oc-46d">
         <name>.text:send_initial_clock_train</name>
         <load_address>0xa348</load_address>
         <run_address>0xa348</run_address>
         <size>0x60</size>
         <input_file_ref idref="fl-6"/>
      </object_component>
      <object_component id="oc-122">
         <name>.text:FLASHSendCommand</name>
         <load_address>0xa3a8</load_address>
         <run_address>0xa3a8</run_address>
         <size>0x5c</size>
         <input_file_ref idref="fl-1"/>
      </object_component>
      <object_component id="oc-402">
         <name>.text:sync_window</name>
         <load_address>0xa404</load_address>
         <run_address>0xa404</run_address>
         <size>0x56</size>
         <input_file_ref idref="fl-7"/>
      </object_component>
      <object_component id="oc-2e2">
         <name>.text:f_readdir</name>
         <load_address>0xa45c</load_address>
         <run_address>0xa45c</run_address>
         <size>0x54</size>
         <input_file_ref idref="fl-7"/>
      </object_component>
      <object_component id="oc-479">
         <name>.text:set_max_speed</name>
         <load_address>0xa4b0</load_address>
         <run_address>0xa4b0</run_address>
         <size>0x54</size>
         <input_file_ref idref="fl-6"/>
      </object_component>
      <object_component id="oc-442">
         <name>.text:xmit_datablock</name>
         <load_address>0xa504</load_address>
         <run_address>0xa504</run_address>
         <size>0x52</size>
         <input_file_ref idref="fl-6"/>
      </object_component>
      <object_component id="oc-1d1">
         <name>.text:GPIOPinConfigure</name>
         <load_address>0xa558</load_address>
         <run_address>0xa558</run_address>
         <size>0x48</size>
         <input_file_ref idref="fl-d9"/>
      </object_component>
      <object_component id="oc-1aa">
         <name>.text:UARTwrite</name>
         <load_address>0xa5a0</load_address>
         <run_address>0xa5a0</run_address>
         <size>0x48</size>
         <input_file_ref idref="fl-a"/>
      </object_component>
      <object_component id="oc-458">
         <name>.text:rcvr_datablock</name>
         <load_address>0xa5e8</load_address>
         <run_address>0xa5e8</run_address>
         <size>0x48</size>
         <input_file_ref idref="fl-6"/>
      </object_component>
      <object_component id="oc-147">
         <name>.text:__TI_auto_init_nobinit_nopinit:__TI_auto_init_nobinit_nopinit</name>
         <load_address>0xa630</load_address>
         <run_address>0xa630</run_address>
         <size>0x44</size>
         <input_file_ref idref="fl-d3"/>
      </object_component>
      <object_component id="oc-250">
         <name>.text</name>
         <load_address>0xa674</load_address>
         <run_address>0xa674</run_address>
         <size>0x40</size>
         <input_file_ref idref="fl-c6"/>
      </object_component>
      <object_component id="oc-41f">
         <name>.text:dir_alloc</name>
         <load_address>0xa6b4</load_address>
         <run_address>0xa6b4</run_address>
         <size>0x3e</size>
         <input_file_ref idref="fl-7"/>
      </object_component>
      <object_component id="oc-1ef">
         <name>.text:SSIConfigSetExpClk</name>
         <load_address>0xa6f2</load_address>
         <run_address>0xa6f2</run_address>
         <size>0x3c</size>
         <input_file_ref idref="fl-db"/>
      </object_component>
      <object_component id="oc-128">
         <name>.text:FLASHReadResponse</name>
         <load_address>0xa730</load_address>
         <run_address>0xa730</run_address>
         <size>0x38</size>
         <input_file_ref idref="fl-1"/>
      </object_component>
      <object_component id="oc-307">
         <name>.text:strncpy</name>
         <load_address>0xa768</load_address>
         <run_address>0xa768</run_address>
         <size>0x36</size>
         <input_file_ref idref="fl-ce"/>
      </object_component>
      <object_component id="oc-fe">
         <name>.text:StringFromFResult</name>
         <load_address>0xa7a0</load_address>
         <run_address>0xa7a0</run_address>
         <size>0x34</size>
         <input_file_ref idref="fl-3"/>
      </object_component>
      <object_component id="oc-1cb">
         <name>.text:SysCtlPeripheralEnable</name>
         <load_address>0xa7d4</load_address>
         <run_address>0xa7d4</run_address>
         <size>0x34</size>
         <input_file_ref idref="fl-dc"/>
      </object_component>
      <object_component id="oc-6e">
         <name>.text:_c_int00_noargs:_c_int00_noargs</name>
         <load_address>0xa808</load_address>
         <run_address>0xa808</run_address>
         <size>0x34</size>
         <input_file_ref idref="fl-cf"/>
      </object_component>
      <object_component id="oc-45e">
         <name>.text:send_cmd12</name>
         <load_address>0xa83c</load_address>
         <run_address>0xa83c</run_address>
         <size>0x32</size>
         <input_file_ref idref="fl-6"/>
      </object_component>
      <object_component id="oc-371">
         <name>.text:move_window</name>
         <load_address>0xa86e</load_address>
         <run_address>0xa86e</run_address>
         <size>0x2e</size>
         <input_file_ref idref="fl-7"/>
      </object_component>
      <object_component id="oc-f8">
         <name>.text:f_mount</name>
         <load_address>0xa89c</load_address>
         <run_address>0xa89c</run_address>
         <size>0x2c</size>
         <input_file_ref idref="fl-7"/>
      </object_component>
      <object_component id="oc-44e">
         <name>.text:rcvr_spi</name>
         <load_address>0xa8c8</load_address>
         <run_address>0xa8c8</run_address>
         <size>0x2c</size>
         <input_file_ref idref="fl-6"/>
      </object_component>
      <object_component id="oc-29b">
         <name>.text:GPIODirModeSet</name>
         <load_address>0xa8f4</load_address>
         <run_address>0xa8f4</run_address>
         <size>0x2a</size>
         <input_file_ref idref="fl-d9"/>
      </object_component>
      <object_component id="oc-489">
         <name>.text:ff_wtoupper</name>
         <load_address>0xa920</load_address>
         <run_address>0xa920</run_address>
         <size>0x28</size>
         <input_file_ref idref="fl-8"/>
      </object_component>
      <object_component id="oc-358">
         <name>.text:validate</name>
         <load_address>0xa948</load_address>
         <run_address>0xa948</run_address>
         <size>0x28</size>
         <input_file_ref idref="fl-7"/>
      </object_component>
      <object_component id="oc-4b5">
         <name>.text:xmit_spi</name>
         <load_address>0xa970</load_address>
         <run_address>0xa970</run_address>
         <size>0x24</size>
         <input_file_ref idref="fl-6"/>
      </object_component>
      <object_component id="oc-3c">
         <name>.text:disk_timerproc</name>
         <load_address>0xa994</load_address>
         <run_address>0xa994</run_address>
         <size>0x20</size>
         <input_file_ref idref="fl-6"/>
      </object_component>
      <object_component id="oc-4af">
         <name>.text:wait_ready</name>
         <load_address>0xa9b4</load_address>
         <run_address>0xa9b4</run_address>
         <size>0x20</size>
         <input_file_ref idref="fl-6"/>
      </object_component>
      <object_component id="oc-348">
         <name>.text:ld_clust</name>
         <load_address>0xa9d4</load_address>
         <run_address>0xa9d4</run_address>
         <size>0x1e</size>
         <input_file_ref idref="fl-7"/>
      </object_component>
      <object_component id="oc-301">
         <name>.text:strcat</name>
         <load_address>0xa9f2</load_address>
         <run_address>0xa9f2</run_address>
         <size>0x1e</size>
         <input_file_ref idref="fl-ca"/>
      </object_component>
      <object_component id="oc-3e8">
         <name>.text:sum_sfn</name>
         <load_address>0xaa10</load_address>
         <run_address>0xaa10</run_address>
         <size>0x1e</size>
         <input_file_ref idref="fl-7"/>
      </object_component>
      <object_component id="oc-448">
         <name>.text:DESELECT</name>
         <load_address>0xaa30</load_address>
         <run_address>0xaa30</run_address>
         <size>0x1c</size>
         <input_file_ref idref="fl-6"/>
      </object_component>
      <object_component id="oc-436">
         <name>.text:SELECT</name>
         <load_address>0xaa4c</load_address>
         <run_address>0xaa4c</run_address>
         <size>0x1c</size>
         <input_file_ref idref="fl-6"/>
      </object_component>
      <object_component id="oc-490">
         <name>.text:mem_cmp</name>
         <load_address>0xaa68</load_address>
         <run_address>0xaa68</run_address>
         <size>0x1c</size>
         <input_file_ref idref="fl-7"/>
      </object_component>
      <object_component id="oc-f2">
         <name>.text:UARTprintf</name>
         <load_address>0xaa84</load_address>
         <run_address>0xaa84</run_address>
         <size>0x1a</size>
         <input_file_ref idref="fl-a"/>
      </object_component>
      <object_component id="oc-276">
         <name>.text:Cmd_pwd</name>
         <load_address>0xaaa0</load_address>
         <run_address>0xaaa0</run_address>
         <size>0x18</size>
         <input_file_ref idref="fl-3"/>
      </object_component>
      <object_component id="oc-1d7">
         <name>.text:GPIOPinTypeGPIOOutput</name>
         <load_address>0xaab8</load_address>
         <run_address>0xaab8</run_address>
         <size>0x18</size>
         <input_file_ref idref="fl-d9"/>
      </object_component>
      <object_component id="oc-3a5">
         <name>.text:clust2sect</name>
         <load_address>0xaad0</load_address>
         <run_address>0xaad0</run_address>
         <size>0x18</size>
         <input_file_ref idref="fl-7"/>
      </object_component>
      <object_component id="oc-110">
         <name>.text:strcmp</name>
         <load_address>0xaae8</load_address>
         <run_address>0xaae8</run_address>
         <size>0x18</size>
         <input_file_ref idref="fl-cb"/>
      </object_component>
      <object_component id="oc-3b7">
         <name>.text:mem_cpy</name>
         <load_address>0xab00</load_address>
         <run_address>0xab00</run_address>
         <size>0x16</size>
         <input_file_ref idref="fl-7"/>
      </object_component>
      <object_component id="oc-408">
         <name>.text:mem_set</name>
         <load_address>0xab16</load_address>
         <run_address>0xab16</run_address>
         <size>0x14</size>
         <input_file_ref idref="fl-7"/>
      </object_component>
      <object_component id="oc-2f5">
         <name>.text:strcpy</name>
         <load_address>0xab2a</load_address>
         <run_address>0xab2a</run_address>
         <size>0x14</size>
         <input_file_ref idref="fl-cc"/>
      </object_component>
      <object_component id="oc-2fb">
         <name>.text:strlen</name>
         <load_address>0xab3e</load_address>
         <run_address>0xab3e</run_address>
         <size>0x14</size>
         <input_file_ref idref="fl-cd"/>
      </object_component>
      <object_component id="oc-1e3">
         <name>.text:GPIOPinTypeSSI</name>
         <load_address>0xab52</load_address>
         <run_address>0xab52</run_address>
         <size>0x12</size>
         <input_file_ref idref="fl-d9"/>
      </object_component>
      <object_component id="oc-483">
         <name>.text:chk_chr</name>
         <load_address>0xab64</load_address>
         <run_address>0xab64</run_address>
         <size>0x12</size>
         <input_file_ref idref="fl-7"/>
      </object_component>
      <object_component id="oc-3c0">
         <name>.text:disk_status</name>
         <load_address>0xab78</load_address>
         <run_address>0xab78</run_address>
         <size>0x10</size>
         <input_file_ref idref="fl-6"/>
      </object_component>
      <object_component id="oc-398">
         <name>.text:st_clust</name>
         <load_address>0xab88</load_address>
         <run_address>0xab88</run_address>
         <size>0x10</size>
         <input_file_ref idref="fl-7"/>
      </object_component>
      <object_component id="oc-18">
         <name>.text:decompress:none:__TI_decompress_none</name>
         <load_address>0xab98</load_address>
         <run_address>0xab98</run_address>
         <size>0xe</size>
         <input_file_ref idref="fl-c8"/>
      </object_component>
      <object_component id="oc-209">
         <name>.text:SSIDataGet</name>
         <load_address>0xaba6</load_address>
         <run_address>0xaba6</run_address>
         <size>0xc</size>
         <input_file_ref idref="fl-db"/>
      </object_component>
      <object_component id="oc-62">
         <name>.text:decompress:ZI:__TI_zero_init</name>
         <load_address>0xabb2</load_address>
         <run_address>0xabb2</run_address>
         <size>0xc</size>
         <input_file_ref idref="fl-c7"/>
      </object_component>
      <object_component id="oc-473">
         <name>.text:power_off</name>
         <load_address>0xabc0</load_address>
         <run_address>0xabc0</run_address>
         <size>0xc</size>
         <input_file_ref idref="fl-6"/>
      </object_component>
      <object_component id="oc-4c1">
         <name>.text:rcvr_spi_m</name>
         <load_address>0xabcc</load_address>
         <run_address>0xabcc</run_address>
         <size>0xc</size>
         <input_file_ref idref="fl-6"/>
      </object_component>
      <object_component id="oc-1fc">
         <name>.text:SSIDataPut</name>
         <load_address>0xabd8</load_address>
         <run_address>0xabd8</run_address>
         <size>0xa</size>
         <input_file_ref idref="fl-db"/>
      </object_component>
      <object_component id="oc-1f5">
         <name>.text:SSIEnable</name>
         <load_address>0xabe2</load_address>
         <run_address>0xabe2</run_address>
         <size>0xa</size>
         <input_file_ref idref="fl-db"/>
      </object_component>
      <object_component id="oc-202">
         <name>.text:SSIBusy</name>
         <load_address>0xabec</load_address>
         <run_address>0xabec</run_address>
         <size>0x8</size>
         <input_file_ref idref="fl-db"/>
      </object_component>
      <object_component id="oc-392">
         <name>.text:get_fattime</name>
         <load_address>0xabf4</load_address>
         <run_address>0xabf4</run_address>
         <size>0x8</size>
         <input_file_ref idref="fl-6"/>
      </object_component>
      <object_component id="oc-1dd">
         <name>.text:GPIOPinWrite</name>
         <load_address>0xabfc</load_address>
         <run_address>0xabfc</run_address>
         <size>0x6</size>
         <input_file_ref idref="fl-d9"/>
      </object_component>
      <object_component id="oc-24">
         <name>.text:ResetISR</name>
         <load_address>0xac02</load_address>
         <run_address>0xac02</run_address>
         <size>0x6</size>
         <input_file_ref idref="fl-4"/>
      </object_component>
      <object_component id="oc-1c3">
         <name>.text:SysCtlDelay</name>
         <load_address>0xac08</load_address>
         <run_address>0xac08</run_address>
         <size>0x6</size>
         <input_file_ref idref="fl-dc"/>
      </object_component>
      <object_component id="oc-182">
         <name>.text:UARTClockSourceSet</name>
         <load_address>0xac0e</load_address>
         <run_address>0xac0e</run_address>
         <size>0x6</size>
         <input_file_ref idref="fl-dd"/>
      </object_component>
      <object_component id="oc-b1">
         <name>.text:_system_pre_init</name>
         <load_address>0xac14</load_address>
         <run_address>0xac14</run_address>
         <size>0x4</size>
         <input_file_ref idref="fl-d4"/>
      </object_component>
      <object_component id="oc-13b">
         <name>.text:abort:abort</name>
         <load_address>0xac18</load_address>
         <run_address>0xac18</run_address>
         <size>0x4</size>
         <input_file_ref idref="fl-d6"/>
      </object_component>
      <object_component id="oc-4a2">
         <name>.const:uni2sjis</name>
         <load_address>0x26c</load_address>
         <run_address>0x26c</run_address>
         <size>0x7378</size>
         <input_file_ref idref="fl-8"/>
      </object_component>
      <object_component id="oc-25c">
         <name>.const:.string</name>
         <load_address>0x75e4</load_address>
         <run_address>0x75e4</run_address>
         <size>0x20a</size>
         <input_file_ref idref="fl-3"/>
      </object_component>
      <object_component id="oc-4ce">
         <name>.const:tbl_lower$1</name>
         <load_address>0x77ee</load_address>
         <run_address>0x77ee</run_address>
         <size>0x1e0</size>
         <input_file_ref idref="fl-8"/>
      </object_component>
      <object_component id="oc-4cf">
         <name>.const:tbl_upper$2</name>
         <load_address>0x79ce</load_address>
         <run_address>0x79ce</run_address>
         <size>0x1e0</size>
         <input_file_ref idref="fl-8"/>
      </object_component>
      <object_component id="oc-290">
         <name>.const:g_pui32GPIOBaseAddrs</name>
         <load_address>0x7bb0</load_address>
         <run_address>0x7bb0</run_address>
         <size>0x90</size>
         <input_file_ref idref="fl-d9"/>
      </object_component>
      <object_component id="oc-2a4">
         <name>.const:g_pui32Xtals</name>
         <load_address>0x7c40</load_address>
         <run_address>0x7c40</run_address>
         <size>0x6c</size>
         <input_file_ref idref="fl-dc"/>
      </object_component>
      <object_component id="oc-49e">
         <name>.const:.string:LfnOfs</name>
         <load_address>0x7cac</load_address>
         <run_address>0x7cac</run_address>
         <size>0xd</size>
         <input_file_ref idref="fl-7"/>
      </object_component>
      <object_component id="oc-24c">
         <name>.const:g_ui32UARTBase</name>
         <load_address>0x7cbc</load_address>
         <run_address>0x7cbc</run_address>
         <size>0xc</size>
         <input_file_ref idref="fl-a"/>
      </object_component>
      <object_component id="oc-249">
         <name>.const:g_ui32UARTPeriph</name>
         <load_address>0x7cc8</load_address>
         <run_address>0x7cc8</run_address>
         <size>0xc</size>
         <input_file_ref idref="fl-a"/>
      </object_component>
      <object_component id="oc-505">
         <name>.cinit..data.load</name>
         <load_address>0xac20</load_address>
         <run_address>0xac20</run_address>
         <size>0xd8</size>
      </object_component>
      <object_component id="oc-503">
         <name>__TI_handler_table</name>
         <load_address>0xacf8</load_address>
         <run_address>0xacf8</run_address>
         <size>0xc</size>
      </object_component>
      <object_component id="oc-506">
         <name>.cinit..bss.load</name>
         <load_address>0xad08</load_address>
         <run_address>0xad08</run_address>
         <size>0x8</size>
      </object_component>
      <object_component id="oc-504">
         <name>__TI_cinit_table</name>
         <load_address>0xad10</load_address>
         <run_address>0xad10</run_address>
         <size>0x10</size>
      </object_component>
      <object_component id="oc-137">
         <name>.data:g_pcCwdBuf</name>
         <load_address>0x20000c6c</load_address>
         <run_address>0x20000c6c</run_address>
         <size>0x50</size>
         <input_file_ref idref="fl-3"/>
      </object_component>
      <object_component id="oc-1a6">
         <name>.data:g_psFResultStrings</name>
         <load_address>0x20000b60</load_address>
         <run_address>0x20000b60</run_address>
         <size>0xa0</size>
         <input_file_ref idref="fl-3"/>
      </object_component>
      <object_component id="oc-1b7">
         <name>.data:g_psCmdTable</name>
         <load_address>0x20000c00</load_address>
         <run_address>0x20000c00</run_address>
         <size>0x6c</size>
         <input_file_ref idref="fl-3"/>
      </object_component>
      <object_component id="oc-454">
         <name>.data</name>
         <load_address>0x20000cc1</load_address>
         <run_address>0x20000cc1</run_address>
         <size>0x2</size>
         <input_file_ref idref="fl-6"/>
      </object_component>
      <object_component id="oc-1b0">
         <name>.data</name>
         <load_address>0x20000cbc</load_address>
         <run_address>0x20000cbc</run_address>
         <size>0x5</size>
         <input_file_ref idref="fl-a"/>
      </object_component>
      <object_component id="oc-30d">
         <name>.bss:g_pcTmpBuf</name>
         <uninitialized>true</uninitialized>
         <run_address>0x20000658</run_address>
         <size>0x50</size>
         <input_file_ref idref="fl-3"/>
      </object_component>
      <object_component id="oc-134">
         <name>.bss:g_pcCmdBuf</name>
         <uninitialized>true</uninitialized>
         <run_address>0x200006a8</run_address>
         <size>0x40</size>
         <input_file_ref idref="fl-3"/>
      </object_component>
      <object_component id="oc-12e">
         <name>.bss:g_sFatFs</name>
         <uninitialized>true</uninitialized>
         <run_address>0x20000000</run_address>
         <size>0x234</size>
         <input_file_ref idref="fl-3"/>
      </object_component>
      <object_component id="oc-2f1">
         <name>.bss:g_sDirObject</name>
         <uninitialized>true</uninitialized>
         <run_address>0x2000070c</run_address>
         <size>0x24</size>
         <input_file_ref idref="fl-3"/>
      </object_component>
      <object_component id="oc-2ee">
         <name>.bss:g_sFileInfo</name>
         <uninitialized>true</uninitialized>
         <run_address>0x20000730</run_address>
         <size>0x20</size>
         <input_file_ref idref="fl-3"/>
      </object_component>
      <object_component id="oc-31e">
         <name>.bss:g_sFileObject</name>
         <uninitialized>true</uninitialized>
         <run_address>0x20000234</run_address>
         <size>0x224</size>
         <input_file_ref idref="fl-3"/>
      </object_component>
      <object_component id="oc-86">
         <name>.bss</name>
         <uninitialized>true</uninitialized>
         <run_address>0x20000758</run_address>
         <size>0x3</size>
         <input_file_ref idref="fl-6"/>
      </object_component>
      <object_component id="oc-19c">
         <name>.bss:FatFs</name>
         <uninitialized>true</uninitialized>
         <run_address>0x20000750</run_address>
         <size>0x4</size>
         <input_file_ref idref="fl-7"/>
      </object_component>
      <object_component id="oc-3d2">
         <name>.bss</name>
         <uninitialized>true</uninitialized>
         <run_address>0x2000075c</run_address>
         <size>0x2</size>
         <input_file_ref idref="fl-7"/>
      </object_component>
      <object_component id="oc-354">
         <name>.bss:LfnBuf</name>
         <uninitialized>true</uninitialized>
         <run_address>0x20000458</run_address>
         <size>0x200</size>
         <input_file_ref idref="fl-7"/>
      </object_component>
      <object_component id="oc-1b4">
         <name>.bss:g_ppcArgv</name>
         <uninitialized>true</uninitialized>
         <run_address>0x200006e8</run_address>
         <size>0x24</size>
         <input_file_ref idref="fl-9"/>
      </object_component>
      <object_component id="oc-131">
         <name>.common:valueToSave</name>
         <uninitialized>true</uninitialized>
         <run_address>0x20000754</run_address>
         <size>0x4</size>
      </object_component>
      <object_component id="oc-21">
         <name>.stack</name>
         <uninitialized>true</uninitialized>
         <run_address>0x20000760</run_address>
         <size>0x4</size>
         <input_file_ref idref="fl-cf"/>
      </object_component>
      <object_component id="oc-507">
         <name>.stack</name>
         <uninitialized>true</uninitialized>
         <run_address>0x20000760</run_address>
         <size>0x0</size>
      </object_component>
      <object_component id="oc-db">
         <name>.debug_info</name>
         <load_address>0x0</load_address>
         <run_address>0x0</run_address>
         <size>0x4a0</size>
         <input_file_ref idref="fl-1"/>
      </object_component>
      <object_component id="oc-123">
         <name>.debug_info</name>
         <load_address>0x4a0</load_address>
         <run_address>0x4a0</run_address>
         <size>0x1b8</size>
         <input_file_ref idref="fl-1"/>
      </object_component>
      <object_component id="oc-129">
         <name>.debug_info</name>
         <load_address>0x658</load_address>
         <run_address>0x658</run_address>
         <size>0x178</size>
         <input_file_ref idref="fl-1"/>
      </object_component>
      <object_component id="oc-11d">
         <name>.debug_info</name>
         <load_address>0x7d0</load_address>
         <run_address>0x7d0</run_address>
         <size>0x200</size>
         <input_file_ref idref="fl-1"/>
      </object_component>
      <object_component id="oc-8c">
         <name>.debug_info</name>
         <load_address>0x9d0</load_address>
         <run_address>0x9d0</run_address>
         <size>0x26b</size>
         <input_file_ref idref="fl-1"/>
      </object_component>
      <object_component id="oc-d6">
         <name>.debug_info</name>
         <load_address>0xc3b</load_address>
         <run_address>0xc3b</run_address>
         <size>0x8b</size>
         <input_file_ref idref="fl-1"/>
      </object_component>
      <object_component id="oc-d1">
         <name>.debug_info</name>
         <load_address>0xcc6</load_address>
         <run_address>0xcc6</run_address>
         <size>0x297</size>
         <input_file_ref idref="fl-1"/>
      </object_component>
      <object_component id="oc-1bc">
         <name>.debug_info</name>
         <load_address>0xf5d</load_address>
         <run_address>0xf5d</run_address>
         <size>0xef</size>
         <input_file_ref idref="fl-1"/>
      </object_component>
      <object_component id="oc-91">
         <name>.debug_info</name>
         <load_address>0x104c</load_address>
         <run_address>0x104c</run_address>
         <size>0xbb</size>
         <input_file_ref idref="fl-1"/>
      </object_component>
      <object_component id="oc-4b">
         <name>.debug_info</name>
         <load_address>0x1107</load_address>
         <run_address>0x1107</run_address>
         <size>0x84</size>
         <input_file_ref idref="fl-2"/>
      </object_component>
      <object_component id="oc-197">
         <name>.debug_info</name>
         <load_address>0x118b</load_address>
         <run_address>0x118b</run_address>
         <size>0x2c</size>
         <input_file_ref idref="fl-2"/>
      </object_component>
      <object_component id="oc-132">
         <name>.debug_info</name>
         <load_address>0x11b7</load_address>
         <run_address>0x11b7</run_address>
         <size>0x974</size>
         <input_file_ref idref="fl-3"/>
      </object_component>
      <object_component id="oc-138">
         <name>.debug_info</name>
         <load_address>0x1b2b</load_address>
         <run_address>0x1b2b</run_address>
         <size>0xd6</size>
         <input_file_ref idref="fl-3"/>
      </object_component>
      <object_component id="oc-30e">
         <name>.debug_info</name>
         <load_address>0x1c01</load_address>
         <run_address>0x1c01</run_address>
         <size>0xd6</size>
         <input_file_ref idref="fl-3"/>
      </object_component>
      <object_component id="oc-135">
         <name>.debug_info</name>
         <load_address>0x1cd7</load_address>
         <run_address>0x1cd7</run_address>
         <size>0xd6</size>
         <input_file_ref idref="fl-3"/>
      </object_component>
      <object_component id="oc-12f">
         <name>.debug_info</name>
         <load_address>0x1dad</load_address>
         <run_address>0x1dad</run_address>
         <size>0xd2</size>
         <input_file_ref idref="fl-3"/>
      </object_component>
      <object_component id="oc-2f2">
         <name>.debug_info</name>
         <load_address>0x1e7f</load_address>
         <run_address>0x1e7f</run_address>
         <size>0xda</size>
         <input_file_ref idref="fl-3"/>
      </object_component>
      <object_component id="oc-2ef">
         <name>.debug_info</name>
         <load_address>0x1f59</load_address>
         <run_address>0x1f59</run_address>
         <size>0xd8</size>
         <input_file_ref idref="fl-3"/>
      </object_component>
      <object_component id="oc-31f">
         <name>.debug_info</name>
         <load_address>0x2031</load_address>
         <run_address>0x2031</run_address>
         <size>0xdc</size>
         <input_file_ref idref="fl-3"/>
      </object_component>
      <object_component id="oc-1a7">
         <name>.debug_info</name>
         <load_address>0x210d</load_address>
         <run_address>0x210d</run_address>
         <size>0xe7</size>
         <input_file_ref idref="fl-3"/>
      </object_component>
      <object_component id="oc-1b8">
         <name>.debug_info</name>
         <load_address>0x21f4</load_address>
         <run_address>0x21f4</run_address>
         <size>0xdc</size>
         <input_file_ref idref="fl-3"/>
      </object_component>
      <object_component id="oc-27d">
         <name>.debug_info</name>
         <load_address>0x22d0</load_address>
         <run_address>0x22d0</run_address>
         <size>0x232</size>
         <input_file_ref idref="fl-3"/>
      </object_component>
      <object_component id="oc-277">
         <name>.debug_info</name>
         <load_address>0x2502</load_address>
         <run_address>0x2502</run_address>
         <size>0x13b</size>
         <input_file_ref idref="fl-3"/>
      </object_component>
      <object_component id="oc-271">
         <name>.debug_info</name>
         <load_address>0x263d</load_address>
         <run_address>0x263d</run_address>
         <size>0x230</size>
         <input_file_ref idref="fl-3"/>
      </object_component>
      <object_component id="oc-26b">
         <name>.debug_info</name>
         <load_address>0x286d</load_address>
         <run_address>0x286d</run_address>
         <size>0x299</size>
         <input_file_ref idref="fl-3"/>
      </object_component>
      <object_component id="oc-265">
         <name>.debug_info</name>
         <load_address>0x2b06</load_address>
         <run_address>0x2b06</run_address>
         <size>0x176</size>
         <input_file_ref idref="fl-3"/>
      </object_component>
      <object_component id="oc-ed">
         <name>.debug_info</name>
         <load_address>0x2c7c</load_address>
         <run_address>0x2c7c</run_address>
         <size>0x178</size>
         <input_file_ref idref="fl-3"/>
      </object_component>
      <object_component id="oc-ff">
         <name>.debug_info</name>
         <load_address>0x2df4</load_address>
         <run_address>0x2df4</run_address>
         <size>0x14b</size>
         <input_file_ref idref="fl-3"/>
      </object_component>
      <object_component id="oc-b8">
         <name>.debug_info</name>
         <load_address>0x2f3f</load_address>
         <run_address>0x2f3f</run_address>
         <size>0x383</size>
         <input_file_ref idref="fl-3"/>
      </object_component>
      <object_component id="oc-1a0">
         <name>.debug_info</name>
         <load_address>0x32c2</load_address>
         <run_address>0x32c2</run_address>
         <size>0x515</size>
         <input_file_ref idref="fl-3"/>
      </object_component>
      <object_component id="oc-cc">
         <name>.debug_info</name>
         <load_address>0x37d7</load_address>
         <run_address>0x37d7</run_address>
         <size>0xe4</size>
         <input_file_ref idref="fl-3"/>
      </object_component>
      <object_component id="oc-17b">
         <name>.debug_info</name>
         <load_address>0x38bb</load_address>
         <run_address>0x38bb</run_address>
         <size>0x70</size>
         <input_file_ref idref="fl-3"/>
      </object_component>
      <object_component id="oc-214">
         <name>.debug_info</name>
         <load_address>0x392b</load_address>
         <run_address>0x392b</run_address>
         <size>0x5e</size>
         <input_file_ref idref="fl-3"/>
      </object_component>
      <object_component id="oc-219">
         <name>.debug_info</name>
         <load_address>0x3989</load_address>
         <run_address>0x3989</run_address>
         <size>0x6bd</size>
         <input_file_ref idref="fl-3"/>
      </object_component>
      <object_component id="oc-21e">
         <name>.debug_info</name>
         <load_address>0x4046</load_address>
         <run_address>0x4046</run_address>
         <size>0x7f</size>
         <input_file_ref idref="fl-3"/>
      </object_component>
      <object_component id="oc-e3">
         <name>.debug_info</name>
         <load_address>0x40c5</load_address>
         <run_address>0x40c5</run_address>
         <size>0x2c</size>
         <input_file_ref idref="fl-3"/>
      </object_component>
      <object_component id="oc-44">
         <name>.debug_info</name>
         <load_address>0x40f1</load_address>
         <run_address>0x40f1</run_address>
         <size>0x2c4</size>
         <input_file_ref idref="fl-4"/>
      </object_component>
      <object_component id="oc-10">
         <name>.debug_info</name>
         <load_address>0x43b5</load_address>
         <run_address>0x43b5</run_address>
         <size>0xdf</size>
         <input_file_ref idref="fl-4"/>
      </object_component>
      <object_component id="oc-25">
         <name>.debug_info</name>
         <load_address>0x4494</load_address>
         <run_address>0x4494</run_address>
         <size>0x10f</size>
         <input_file_ref idref="fl-4"/>
      </object_component>
      <object_component id="oc-2b">
         <name>.debug_info</name>
         <load_address>0x45a3</load_address>
         <run_address>0x45a3</run_address>
         <size>0x100</size>
         <input_file_ref idref="fl-4"/>
      </object_component>
      <object_component id="oc-37">
         <name>.debug_info</name>
         <load_address>0x46a3</load_address>
         <run_address>0x46a3</run_address>
         <size>0x118</size>
         <input_file_ref idref="fl-4"/>
      </object_component>
      <object_component id="oc-31">
         <name>.debug_info</name>
         <load_address>0x47bb</load_address>
         <run_address>0x47bb</run_address>
         <size>0x106</size>
         <input_file_ref idref="fl-4"/>
      </object_component>
      <object_component id="oc-cb">
         <name>.debug_info</name>
         <load_address>0x48c1</load_address>
         <run_address>0x48c1</run_address>
         <size>0x2f2</size>
         <input_file_ref idref="fl-6"/>
      </object_component>
      <object_component id="oc-455">
         <name>.debug_info</name>
         <load_address>0x4bb3</load_address>
         <run_address>0x4bb3</run_address>
         <size>0x14b</size>
         <input_file_ref idref="fl-6"/>
      </object_component>
      <object_component id="oc-87">
         <name>.debug_info</name>
         <load_address>0x4cfe</load_address>
         <run_address>0x4cfe</run_address>
         <size>0x158</size>
         <input_file_ref idref="fl-6"/>
      </object_component>
      <object_component id="oc-393">
         <name>.debug_info</name>
         <load_address>0x4e56</load_address>
         <run_address>0x4e56</run_address>
         <size>0x1fa</size>
         <input_file_ref idref="fl-6"/>
      </object_component>
      <object_component id="oc-437">
         <name>.debug_info</name>
         <load_address>0x5050</load_address>
         <run_address>0x5050</run_address>
         <size>0x1ef</size>
         <input_file_ref idref="fl-6"/>
      </object_component>
      <object_component id="oc-44f">
         <name>.debug_info</name>
         <load_address>0x523f</load_address>
         <run_address>0x523f</run_address>
         <size>0x21c</size>
         <input_file_ref idref="fl-6"/>
      </object_component>
      <object_component id="oc-4b0">
         <name>.debug_info</name>
         <load_address>0x545b</load_address>
         <run_address>0x545b</run_address>
         <size>0x221</size>
         <input_file_ref idref="fl-6"/>
      </object_component>
      <object_component id="oc-4b6">
         <name>.debug_info</name>
         <load_address>0x567c</load_address>
         <run_address>0x567c</run_address>
         <size>0x236</size>
         <input_file_ref idref="fl-6"/>
      </object_component>
      <object_component id="oc-43d">
         <name>.debug_info</name>
         <load_address>0x58b2</load_address>
         <run_address>0x58b2</run_address>
         <size>0x2dd</size>
         <input_file_ref idref="fl-6"/>
      </object_component>
      <object_component id="oc-443">
         <name>.debug_info</name>
         <load_address>0x5b8f</load_address>
         <run_address>0x5b8f</run_address>
         <size>0x2d6</size>
         <input_file_ref idref="fl-6"/>
      </object_component>
      <object_component id="oc-449">
         <name>.debug_info</name>
         <load_address>0x5e65</load_address>
         <run_address>0x5e65</run_address>
         <size>0x1f3</size>
         <input_file_ref idref="fl-6"/>
      </object_component>
      <object_component id="oc-3ac">
         <name>.debug_info</name>
         <load_address>0x6058</load_address>
         <run_address>0x6058</run_address>
         <size>0x334</size>
         <input_file_ref idref="fl-6"/>
      </object_component>
      <object_component id="oc-3d">
         <name>.debug_info</name>
         <load_address>0x638c</load_address>
         <run_address>0x638c</run_address>
         <size>0x212</size>
         <input_file_ref idref="fl-6"/>
      </object_component>
      <object_component id="oc-3c1">
         <name>.debug_info</name>
         <load_address>0x659e</load_address>
         <run_address>0x659e</run_address>
         <size>0x218</size>
         <input_file_ref idref="fl-6"/>
      </object_component>
      <object_component id="oc-4c2">
         <name>.debug_info</name>
         <load_address>0x67b6</load_address>
         <run_address>0x67b6</run_address>
         <size>0x21d</size>
         <input_file_ref idref="fl-6"/>
      </object_component>
      <object_component id="oc-459">
         <name>.debug_info</name>
         <load_address>0x69d3</load_address>
         <run_address>0x69d3</run_address>
         <size>0x2a1</size>
         <input_file_ref idref="fl-6"/>
      </object_component>
      <object_component id="oc-45f">
         <name>.debug_info</name>
         <load_address>0x6c74</load_address>
         <run_address>0x6c74</run_address>
         <size>0x260</size>
         <input_file_ref idref="fl-6"/>
      </object_component>
      <object_component id="oc-3b2">
         <name>.debug_info</name>
         <load_address>0x6ed4</load_address>
         <run_address>0x6ed4</run_address>
         <size>0x310</size>
         <input_file_ref idref="fl-6"/>
      </object_component>
      <object_component id="oc-474">
         <name>.debug_info</name>
         <load_address>0x71e4</load_address>
         <run_address>0x71e4</run_address>
         <size>0x1ee</size>
         <input_file_ref idref="fl-6"/>
      </object_component>
      <object_component id="oc-46e">
         <name>.debug_info</name>
         <load_address>0x73d2</load_address>
         <run_address>0x73d2</run_address>
         <size>0x256</size>
         <input_file_ref idref="fl-6"/>
      </object_component>
      <object_component id="oc-468">
         <name>.debug_info</name>
         <load_address>0x7628</load_address>
         <run_address>0x7628</run_address>
         <size>0x24a</size>
         <input_file_ref idref="fl-6"/>
      </object_component>
      <object_component id="oc-47a">
         <name>.debug_info</name>
         <load_address>0x7872</load_address>
         <run_address>0x7872</run_address>
         <size>0x224</size>
         <input_file_ref idref="fl-6"/>
      </object_component>
      <object_component id="oc-3c7">
         <name>.debug_info</name>
         <load_address>0x7a96</load_address>
         <run_address>0x7a96</run_address>
         <size>0x37d</size>
         <input_file_ref idref="fl-6"/>
      </object_component>
      <object_component id="oc-1a5">
         <name>.debug_info</name>
         <load_address>0x7e13</load_address>
         <run_address>0x7e13</run_address>
         <size>0x561</size>
         <input_file_ref idref="fl-7"/>
      </object_component>
      <object_component id="oc-19d">
         <name>.debug_info</name>
         <load_address>0x8374</load_address>
         <run_address>0x8374</run_address>
         <size>0x10d</size>
         <input_file_ref idref="fl-7"/>
      </object_component>
      <object_component id="oc-3d3">
         <name>.debug_info</name>
         <load_address>0x8481</load_address>
         <run_address>0x8481</run_address>
         <size>0x10b</size>
         <input_file_ref idref="fl-7"/>
      </object_component>
      <object_component id="oc-355">
         <name>.debug_info</name>
         <load_address>0x858c</load_address>
         <run_address>0x858c</run_address>
         <size>0x10f</size>
         <input_file_ref idref="fl-7"/>
      </object_component>
      <object_component id="oc-49f">
         <name>.debug_info</name>
         <load_address>0x869b</load_address>
         <run_address>0x869b</run_address>
         <size>0x10f</size>
         <input_file_ref idref="fl-7"/>
      </object_component>
      <object_component id="oc-403">
         <name>.debug_info</name>
         <load_address>0x87aa</load_address>
         <run_address>0x87aa</run_address>
         <size>0x21e</size>
         <input_file_ref idref="fl-7"/>
      </object_component>
      <object_component id="oc-372">
         <name>.debug_info</name>
         <load_address>0x89c8</load_address>
         <run_address>0x89c8</run_address>
         <size>0x23b</size>
         <input_file_ref idref="fl-7"/>
      </object_component>
      <object_component id="oc-42f">
         <name>.debug_info</name>
         <load_address>0x8c03</load_address>
         <run_address>0x8c03</run_address>
         <size>0x2a2</size>
         <input_file_ref idref="fl-7"/>
      </object_component>
      <object_component id="oc-378">
         <name>.debug_info</name>
         <load_address>0x8ea5</load_address>
         <run_address>0x8ea5</run_address>
         <size>0x271</size>
         <input_file_ref idref="fl-7"/>
      </object_component>
      <object_component id="oc-3b8">
         <name>.debug_info</name>
         <load_address>0x9116</load_address>
         <run_address>0x9116</run_address>
         <size>0x215</size>
         <input_file_ref idref="fl-7"/>
      </object_component>
      <object_component id="oc-41a">
         <name>.debug_info</name>
         <load_address>0x932b</load_address>
         <run_address>0x932b</run_address>
         <size>0x272</size>
         <input_file_ref idref="fl-7"/>
      </object_component>
      <object_component id="oc-359">
         <name>.debug_info</name>
         <load_address>0x959d</load_address>
         <run_address>0x959d</run_address>
         <size>0x1ff</size>
         <input_file_ref idref="fl-7"/>
      </object_component>
      <object_component id="oc-3fd">
         <name>.debug_info</name>
         <load_address>0x979c</load_address>
         <run_address>0x979c</run_address>
         <size>0x292</size>
         <input_file_ref idref="fl-7"/>
      </object_component>
      <object_component id="oc-3a6">
         <name>.debug_info</name>
         <load_address>0x9a2e</load_address>
         <run_address>0x9a2e</run_address>
         <size>0x20a</size>
         <input_file_ref idref="fl-7"/>
      </object_component>
      <object_component id="oc-3cd">
         <name>.debug_info</name>
         <load_address>0x9c38</load_address>
         <run_address>0x9c38</run_address>
         <size>0x215</size>
         <input_file_ref idref="fl-7"/>
      </object_component>
      <object_component id="oc-33d">
         <name>.debug_info</name>
         <load_address>0x9e4d</load_address>
         <run_address>0x9e4d</run_address>
         <size>0x39d</size>
         <input_file_ref idref="fl-7"/>
      </object_component>
      <object_component id="oc-484">
         <name>.debug_info</name>
         <load_address>0xa1ea</load_address>
         <run_address>0xa1ea</run_address>
         <size>0x203</size>
         <input_file_ref idref="fl-7"/>
      </object_component>
      <object_component id="oc-409">
         <name>.debug_info</name>
         <load_address>0xa3ed</load_address>
         <run_address>0xa3ed</run_address>
         <size>0x219</size>
         <input_file_ref idref="fl-7"/>
      </object_component>
      <object_component id="oc-3d7">
         <name>.debug_info</name>
         <load_address>0xa606</load_address>
         <run_address>0xa606</run_address>
         <size>0x300</size>
         <input_file_ref idref="fl-7"/>
      </object_component>
      <object_component id="oc-34f">
         <name>.debug_info</name>
         <load_address>0xa906</load_address>
         <run_address>0xa906</run_address>
         <size>0x242</size>
         <input_file_ref idref="fl-7"/>
      </object_component>
      <object_component id="oc-3e9">
         <name>.debug_info</name>
         <load_address>0xab48</load_address>
         <run_address>0xab48</run_address>
         <size>0x1ff</size>
         <input_file_ref idref="fl-7"/>
      </object_component>
      <object_component id="oc-491">
         <name>.debug_info</name>
         <load_address>0xad47</load_address>
         <run_address>0xad47</run_address>
         <size>0x224</size>
         <input_file_ref idref="fl-7"/>
      </object_component>
      <object_component id="oc-497">
         <name>.debug_info</name>
         <load_address>0xaf6b</load_address>
         <run_address>0xaf6b</run_address>
         <size>0x25e</size>
         <input_file_ref idref="fl-7"/>
      </object_component>
      <object_component id="oc-36b">
         <name>.debug_info</name>
         <load_address>0xb1c9</load_address>
         <run_address>0xb1c9</run_address>
         <size>0x2bf</size>
         <input_file_ref idref="fl-7"/>
      </object_component>
      <object_component id="oc-3dd">
         <name>.debug_info</name>
         <load_address>0xb488</load_address>
         <run_address>0xb488</run_address>
         <size>0x29d</size>
         <input_file_ref idref="fl-7"/>
      </object_component>
      <object_component id="oc-349">
         <name>.debug_info</name>
         <load_address>0xb725</load_address>
         <run_address>0xb725</run_address>
         <size>0x20e</size>
         <input_file_ref idref="fl-7"/>
      </object_component>
      <object_component id="oc-343">
         <name>.debug_info</name>
         <load_address>0xb933</load_address>
         <run_address>0xb933</run_address>
         <size>0x27b</size>
         <input_file_ref idref="fl-7"/>
      </object_component>
      <object_component id="oc-3ef">
         <name>.debug_info</name>
         <load_address>0xbbae</load_address>
         <run_address>0xbbae</run_address>
         <size>0x23c</size>
         <input_file_ref idref="fl-7"/>
      </object_component>
      <object_component id="oc-35f">
         <name>.debug_info</name>
         <load_address>0xbdea</load_address>
         <run_address>0xbdea</run_address>
         <size>0x286</size>
         <input_file_ref idref="fl-7"/>
      </object_component>
      <object_component id="oc-39f">
         <name>.debug_info</name>
         <load_address>0xc070</load_address>
         <run_address>0xc070</run_address>
         <size>0x247</size>
         <input_file_ref idref="fl-7"/>
      </object_component>
      <object_component id="oc-399">
         <name>.debug_info</name>
         <load_address>0xc2b7</load_address>
         <run_address>0xc2b7</run_address>
         <size>0x1fd</size>
         <input_file_ref idref="fl-7"/>
      </object_component>
      <object_component id="oc-365">
         <name>.debug_info</name>
         <load_address>0xc4b4</load_address>
         <run_address>0xc4b4</run_address>
         <size>0x285</size>
         <input_file_ref idref="fl-7"/>
      </object_component>
      <object_component id="oc-420">
         <name>.debug_info</name>
         <load_address>0xc739</load_address>
         <run_address>0xc739</run_address>
         <size>0x250</size>
         <input_file_ref idref="fl-7"/>
      </object_component>
      <object_component id="oc-426">
         <name>.debug_info</name>
         <load_address>0xc989</load_address>
         <run_address>0xc989</run_address>
         <size>0x25f</size>
         <input_file_ref idref="fl-7"/>
      </object_component>
      <object_component id="oc-38d">
         <name>.debug_info</name>
         <load_address>0xcbe8</load_address>
         <run_address>0xcbe8</run_address>
         <size>0x31d</size>
         <input_file_ref idref="fl-7"/>
      </object_component>
      <object_component id="oc-2e3">
         <name>.debug_info</name>
         <load_address>0xcf05</load_address>
         <run_address>0xcf05</run_address>
         <size>0x27d</size>
         <input_file_ref idref="fl-7"/>
      </object_component>
      <object_component id="oc-319">
         <name>.debug_info</name>
         <load_address>0xd182</load_address>
         <run_address>0xd182</run_address>
         <size>0x31f</size>
         <input_file_ref idref="fl-7"/>
      </object_component>
      <object_component id="oc-2dd">
         <name>.debug_info</name>
         <load_address>0xd4a1</load_address>
         <run_address>0xd4a1</run_address>
         <size>0x276</size>
         <input_file_ref idref="fl-7"/>
      </object_component>
      <object_component id="oc-313">
         <name>.debug_info</name>
         <load_address>0xd717</load_address>
         <run_address>0xd717</run_address>
         <size>0x323</size>
         <input_file_ref idref="fl-7"/>
      </object_component>
      <object_component id="oc-f9">
         <name>.debug_info</name>
         <load_address>0xda3a</load_address>
         <run_address>0xda3a</run_address>
         <size>0x200</size>
         <input_file_ref idref="fl-7"/>
      </object_component>
      <object_component id="oc-2e9">
         <name>.debug_info</name>
         <load_address>0xdc3a</load_address>
         <run_address>0xdc3a</run_address>
         <size>0x2fd</size>
         <input_file_ref idref="fl-7"/>
      </object_component>
      <object_component id="oc-4a6">
         <name>.debug_info</name>
         <load_address>0xdf37</load_address>
         <run_address>0xdf37</run_address>
         <size>0x2fb</size>
         <input_file_ref idref="fl-8"/>
      </object_component>
      <object_component id="oc-4a3">
         <name>.debug_info</name>
         <load_address>0xe232</load_address>
         <run_address>0xe232</run_address>
         <size>0x11c</size>
         <input_file_ref idref="fl-8"/>
      </object_component>
      <object_component id="oc-48a">
         <name>.debug_info</name>
         <load_address>0xe34e</load_address>
         <run_address>0xe34e</run_address>
         <size>0x24e</size>
         <input_file_ref idref="fl-8"/>
      </object_component>
      <object_component id="oc-3f6">
         <name>.debug_info</name>
         <load_address>0xe59c</load_address>
         <run_address>0xe59c</run_address>
         <size>0x279</size>
         <input_file_ref idref="fl-8"/>
      </object_component>
      <object_component id="oc-1bb">
         <name>.debug_info</name>
         <load_address>0xe815</load_address>
         <run_address>0xe815</run_address>
         <size>0x330</size>
         <input_file_ref idref="fl-9"/>
      </object_component>
      <object_component id="oc-1b5">
         <name>.debug_info</name>
         <load_address>0xeb45</load_address>
         <run_address>0xeb45</run_address>
         <size>0x109</size>
         <input_file_ref idref="fl-9"/>
      </object_component>
      <object_component id="oc-10b">
         <name>.debug_info</name>
         <load_address>0xec4e</load_address>
         <run_address>0xec4e</run_address>
         <size>0x24f</size>
         <input_file_ref idref="fl-9"/>
      </object_component>
      <object_component id="oc-196">
         <name>.debug_info</name>
         <load_address>0xee9d</load_address>
         <run_address>0xee9d</run_address>
         <size>0x2cc</size>
         <input_file_ref idref="fl-a"/>
      </object_component>
      <object_component id="oc-1b1">
         <name>.debug_info</name>
         <load_address>0xf169</load_address>
         <run_address>0xf169</run_address>
         <size>0x10d</size>
         <input_file_ref idref="fl-a"/>
      </object_component>
      <object_component id="oc-24d">
         <name>.debug_info</name>
         <load_address>0xf276</load_address>
         <run_address>0xf276</run_address>
         <size>0x115</size>
         <input_file_ref idref="fl-a"/>
      </object_component>
      <object_component id="oc-24a">
         <name>.debug_info</name>
         <load_address>0xf38b</load_address>
         <run_address>0xf38b</run_address>
         <size>0x119</size>
         <input_file_ref idref="fl-a"/>
      </object_component>
      <object_component id="oc-1ab">
         <name>.debug_info</name>
         <load_address>0xf4a4</load_address>
         <run_address>0xf4a4</run_address>
         <size>0x224</size>
         <input_file_ref idref="fl-a"/>
      </object_component>
      <object_component id="oc-190">
         <name>.debug_info</name>
         <load_address>0xf6c8</load_address>
         <run_address>0xf6c8</run_address>
         <size>0x356</size>
         <input_file_ref idref="fl-a"/>
      </object_component>
      <object_component id="oc-f3">
         <name>.debug_info</name>
         <load_address>0xfa1e</load_address>
         <run_address>0xfa1e</run_address>
         <size>0x1f1</size>
         <input_file_ref idref="fl-a"/>
      </object_component>
      <object_component id="oc-105">
         <name>.debug_info</name>
         <load_address>0xfc0f</load_address>
         <run_address>0xfc0f</run_address>
         <size>0x26f</size>
         <input_file_ref idref="fl-a"/>
      </object_component>
      <object_component id="oc-189">
         <name>.debug_info</name>
         <load_address>0xfe7e</load_address>
         <run_address>0xfe7e</run_address>
         <size>0x287</size>
         <input_file_ref idref="fl-a"/>
      </object_component>
      <object_component id="oc-251">
         <name>.debug_info</name>
         <load_address>0x10105</load_address>
         <run_address>0x10105</run_address>
         <size>0x143</size>
         <input_file_ref idref="fl-c6"/>
      </object_component>
      <object_component id="oc-aa">
         <name>.debug_info</name>
         <load_address>0x10248</load_address>
         <run_address>0x10248</run_address>
         <size>0x2d5</size>
         <input_file_ref idref="fl-c7"/>
      </object_component>
      <object_component id="oc-63">
         <name>.debug_info</name>
         <load_address>0x1051d</load_address>
         <run_address>0x1051d</run_address>
         <size>0x1b6</size>
         <input_file_ref idref="fl-c7"/>
      </object_component>
      <object_component id="oc-a5">
         <name>.debug_info</name>
         <load_address>0x106d3</load_address>
         <run_address>0x106d3</run_address>
         <size>0x46</size>
         <input_file_ref idref="fl-c7"/>
      </object_component>
      <object_component id="oc-5b">
         <name>.debug_info</name>
         <load_address>0x10719</load_address>
         <run_address>0x10719</run_address>
         <size>0x2a9</size>
         <input_file_ref idref="fl-c8"/>
      </object_component>
      <object_component id="oc-19">
         <name>.debug_info</name>
         <load_address>0x109c2</load_address>
         <run_address>0x109c2</run_address>
         <size>0x1eb</size>
         <input_file_ref idref="fl-c8"/>
      </object_component>
      <object_component id="oc-56">
         <name>.debug_info</name>
         <load_address>0x10bad</load_address>
         <run_address>0x10bad</run_address>
         <size>0x46</size>
         <input_file_ref idref="fl-c8"/>
      </object_component>
      <object_component id="oc-9d">
         <name>.debug_info</name>
         <load_address>0x10bf3</load_address>
         <run_address>0x10bf3</run_address>
         <size>0x2c</size>
         <input_file_ref idref="fl-c8"/>
      </object_component>
      <object_component id="oc-9b">
         <name>.debug_info</name>
         <load_address>0x10c1f</load_address>
         <run_address>0x10c1f</run_address>
         <size>0x29f</size>
         <input_file_ref idref="fl-c9"/>
      </object_component>
      <object_component id="oc-13">
         <name>.debug_info</name>
         <load_address>0x10ebe</load_address>
         <run_address>0x10ebe</run_address>
         <size>0x251</size>
         <input_file_ref idref="fl-c9"/>
      </object_component>
      <object_component id="oc-46">
         <name>.debug_info</name>
         <load_address>0x1110f</load_address>
         <run_address>0x1110f</run_address>
         <size>0x60</size>
         <input_file_ref idref="fl-c9"/>
      </object_component>
      <object_component id="oc-dc">
         <name>.debug_info</name>
         <load_address>0x1116f</load_address>
         <run_address>0x1116f</run_address>
         <size>0x46</size>
         <input_file_ref idref="fl-c9"/>
      </object_component>
      <object_component id="oc-96">
         <name>.debug_info</name>
         <load_address>0x111b5</load_address>
         <run_address>0x111b5</run_address>
         <size>0x39</size>
         <input_file_ref idref="fl-c9"/>
      </object_component>
[...]
      <load_segment id="lg-51b" display="no" color="cyan">
         <name>SEGMENT_0</name>
         <load_address>0x0</load_address>
         <run_address>0x0</run_address>
         <size>0xad20</size>
         <flags>0x5</flags>
         <contents>
            <logical_group_ref idref="lg-3"/>
            <logical_group_ref idref="lg-5"/>
            <logical_group_ref idref="lg-4"/>
            <logical_group_ref idref="lg-6"/>
         </contents>
      </load_segment>
      <load_segment id="lg-51c" display="no" color="cyan">
         <name>SEGMENT_1</name>
         <run_address>0x20000000</run_address>
         <size>0xcc3</size>
         <flags>0x6</flags>
         <contents>
            <logical_group_ref idref="lg-b"/>
            <logical_group_ref idref="lg-d"/>
            <logical_group_ref idref="lg-a"/>
         </contents>
      </load_segment>
   </logical_group_list>
   <placement_map>
      <memory_area display="yes" color="green">
         <name>FLASH</name>
         <page_id>0x0</page_id>
         <origin>0x0</origin>
         <length>0x40000</length>
         <used_space>0xad1c</used_space>
         <unused_space>0x352e4</unused_space>
         <attributes>RX</attributes>
         <usage_details>
            <allocated_space>
               <start_address>0x0</start_address>
               <size>0x26c</size>
               <logical_group_ref idref="lg-3"/>
            </allocated_space>
            <allocated_space>
               <start_address>0x26c</start_address>
               <size>0x7a68</size>
               <logical_group_ref idref="lg-5"/>
            </allocated_space>
            <allocated_space>
               <start_address>0x7cd4</start_address>
               <size>0x2f48</size>
               <logical_group_ref idref="lg-4"/>
            </allocated_space>
            <available_space>
               <start_address>0xac1c</start_address>
               <size>0x4</size>
            </available_space>
            <allocated_space>
               <start_address>0xac20</start_address>
               <size>0x100</size>
               <logical_group_ref idref="lg-6"/>
            </allocated_space>
            <available_space>
               <start_address>0xad20</start_address>
               <size>0x352e0</size>
            </available_space>
         </usage_details>
      </memory_area>
      <memory_area display="yes" color="green">
         <name>SRAM</name>
         <page_id>0x0</page_id>
         <origin>0x20000000</origin>
         <length>0x8000</length>
         <used_space>0xcc1</used_space>
         <unused_space>0x733f</unused_space>
         <attributes>RWX</attributes>
         <usage_details>
            <allocated_space>
               <start_address>0x20000000</start_address>
               <size>0x75e</size>
               <logical_group_ref idref="lg-b"/>
            </allocated_space>
            <available_space>
               <start_address>0x2000075e</start_address>
               <size>0x2</size>
            </available_space>
            <allocated_space>
               <start_address>0x20000760</start_address>
               <size>0x400</size>
               <logical_group_ref idref="lg-d"/>
            </allocated_space>
            <allocated_space>
               <start_address>0x20000b60</start_address>
               <size>0x163</size>
               <logical_group_ref idref="lg-a"/>
            </allocated_space>
            <available_space>
               <start_address>0x20000cc3</start_address>
               <size>0x733d</size>
            </available_space>
         </usage_details>
      </memory_area>
   </placement_map>
   <cptbl_list>
      <cptbl>
         <name>__TI_cinit_table</name>
         <cprec>
            <name>.data</name>
            <load_address>0xac20</load_address>
            <load_size>0xd8</load_size>
            <run_address>0x20000b60</run_address>
            <run_size>0x163</run_size>
            <compression>lzss</compression>
         </cprec>
         <cprec>
            <name>.bss</name>
            <load_address>0xad08</load_address>
            <load_size>0x8</load_size>
            <run_address>0x20000000</run_address>
            <run_size>0x75e</run_size>
            <compression>zero_init</compression>
         </cprec>
      </cptbl>
   </cptbl_list>
   <handler_table>
      <handler_table_name>__TI_handler_table</handler_table_name>
      <handler>
         <index>0x0</index>
         <name>__TI_decompress_lzss</name>
      </handler>
      <handler>
         <index>0x1</index>
         <name>__TI_decompress_none</name>
      </handler>
      <handler>
         <index>0x2</index>
         <name>__TI_zero_init</name>
      </handler>
   </handler_table>
   <symbol_table>
      <symbol id="sm-1">
         <name>__STACK_TOP</name>
         <value>0x20000b60</value>
      </symbol>
      <symbol id="sm-2">
         <name>__TI_CINIT_Base</name>
         <value>0xad10</value>
      </symbol>
      <symbol id="sm-3">
         <name>__TI_CINIT_Limit</name>
         <value>0xad20</value>
      </symbol>
      <symbol id="sm-4">
         <name>__TI_Handler_Table_Base</name>
         <value>0xacf8</value>
      </symbol>
      <symbol id="sm-5">
         <name>__TI_Handler_Table_Limit</name>
         <value>0xad04</value>
      </symbol>
      <symbol id="sm-6">
         <name>binit</name>
         <value>0xffffffff</value>
      </symbol>
      <symbol id="sm-7">
         <name>__binit__</name>
         <value>0xffffffff</value>
      </symbol>
      <symbol id="sm-8">
         <name>__STACK_SIZE</name>
         <value>0x400</value>
      </symbol>
      <symbol id="sm-9">
         <name>__STACK_END</name>
         <value>0x20000b60</value>
      </symbol>
      <symbol id="sm-a">
         <name>__c_args__</name>
         <value>0xffffffff</value>
      </symbol>
      <symbol id="sm-b">
         <name>__TI_pprof_out_hndl</name>
         <value>0xffffffff</value>
      </symbol>
      <symbol id="sm-c">
         <name>__TI_prof_data_start</name>
         <value>0xffffffff</value>
      </symbol>
      <symbol id="sm-d">
         <name>__TI_prof_data_size</name>
         <value>0xffffffff</value>
      </symbol>
      <symbol id="sm-6c">
         <name>FLASHReadResponse</name>
         <value>0xa731</value>
         <object_component_ref idref="oc-128"/>
      </symbol>
      <symbol id="sm-6d">
         <name>FLASHInit</name>
         <value>0x9c2d</value>
         <object_component_ref idref="oc-11c"/>
      </symbol>
      <symbol id="sm-6e">
         <name>FLASHSendCommand</name>
         <value>0xa3a9</value>
         <object_component_ref idref="oc-122"/>
      </symbol>
      <symbol id="sm-1a8">
         <name>valueToSave</name>
         <value>0x20000754</value>
      </symbol>
      <symbol id="sm-1a9">
         <name>Cmd_ls</name>
         <value>0x8659</value>
         <object_component_ref idref="oc-26a"/>
      </symbol>
      <symbol id="sm-1aa">
         <name>Cmd_cd</name>
         <value>0x8f25</value>
         <object_component_ref idref="oc-270"/>
      </symbol>
      <symbol id="sm-1ab">
         <name>g_psFResultStrings</name>
         <value>0x20000b60</value>
         <object_component_ref idref="oc-1a6"/>
      </symbol>
      <symbol id="sm-1ac">
         <name>StringFromFResult</name>
         <value>0xa7a1</value>
         <object_component_ref idref="oc-fe"/>
      </symbol>
      <symbol id="sm-1ad">
         <name>Cmd_pwd</name>
         <value>0xaaa1</value>
         <object_component_ref idref="oc-276"/>
      </symbol>
      <symbol id="sm-1ae">
         <name>Cmd_cat</name>
         <value>0x93f9</value>
         <object_component_ref idref="oc-27c"/>
      </symbol>
      <symbol id="sm-1af">
         <name>main</name>
         <value>0x7fdd</value>
         <object_component_ref idref="oc-b7"/>
      </symbol>
      <symbol id="sm-1b0">
         <name>ConfigureUART</name>
         <value>0x9da5</value>
         <object_component_ref idref="oc-ec"/>
      </symbol>
      <symbol id="sm-1b1">
         <name>Cmd_help</name>
         <value>0xa035</value>
         <object_component_ref idref="oc-264"/>
      </symbol>
      <symbol id="sm-1b2">
         <name>g_psCmdTable</name>
         <value>0x20000c00</value>
         <object_component_ref idref="oc-1b7"/>
      </symbol>
      <symbol id="sm-1e3">
         <name>ResetISR</name>
         <value>0xac03</value>
         <object_component_ref idref="oc-24"/>
      </symbol>
      <symbol id="sm-1e4">
         <name>g_pfnVectors</name>
         <value>0x0</value>
         <object_component_ref idref="oc-f"/>
      </symbol>
      <symbol id="sm-309">
         <name>get_fattime</name>
         <value>0xabf5</value>
         <object_component_ref idref="oc-392"/>
      </symbol>
      <symbol id="sm-30a">
         <name>disk_status</name>
         <value>0xab79</value>
         <object_component_ref idref="oc-3c0"/>
      </symbol>
      <symbol id="sm-30b">
         <name>disk_timerproc</name>
         <value>0xa995</value>
         <object_component_ref idref="oc-3c"/>
      </symbol>
      <symbol id="sm-30c">
         <name>disk_read</name>
         <value>0x9b9d</value>
         <object_component_ref idref="oc-3b1"/>
      </symbol>
      <symbol id="sm-30d">
         <name>disk_initialize</name>
         <value>0x8a91</value>
         <object_component_ref idref="oc-3c6"/>
      </symbol>
      <symbol id="sm-30e">
         <name>disk_write</name>
         <value>0x967d</value>
         <object_component_ref idref="oc-3ab"/>
      </symbol>
      <symbol id="sm-57b">
         <name>f_getfree</name>
         <value>0x94d9</value>
         <object_component_ref idref="oc-2e8"/>
      </symbol>
      <symbol id="sm-57c">
         <name>f_read</name>
         <value>0x87e1</value>
         <object_component_ref idref="oc-318"/>
      </symbol>
      <symbol id="sm-57d">
         <name>gen_numname</name>
         <value>0x9891</value>
         <object_component_ref idref="oc-419"/>
      </symbol>
      <symbol id="sm-57e">
         <name>clust2sect</name>
         <value>0xaad1</value>
         <object_component_ref idref="oc-3a5"/>
      </symbol>
      <symbol id="sm-57f">
         <name>put_fat</name>
         <value>0x9315</value>
         <object_component_ref idref="oc-42e"/>
      </symbol>
      <symbol id="sm-580">
         <name>f_opendir</name>
         <value>0xa099</value>
         <object_component_ref idref="oc-2dc"/>
      </symbol>
      <symbol id="sm-581">
         <name>f_open</name>
         <value>0x8941</value>
         <object_component_ref idref="oc-312"/>
      </symbol>
      <symbol id="sm-582">
         <name>f_mount</name>
         <value>0xa89d</value>
         <object_component_ref idref="oc-f8"/>
      </symbol>
      <symbol id="sm-583">
         <name>f_readdir</name>
         <value>0xa45d</value>
         <object_component_ref idref="oc-2e2"/>
      </symbol>
      <symbol id="sm-584">
         <name>get_fat</name>
         <value>0x95b1</value>
         <object_component_ref idref="oc-377"/>
      </symbol>
      <symbol id="sm-5b5">
         <name>ff_convert</name>
         <value>0xa289</value>
         <object_component_ref idref="oc-3f5"/>
      </symbol>
      <symbol id="sm-5b6">
         <name>ff_wtoupper</name>
         <value>0xa921</value>
         <object_component_ref idref="oc-489"/>
      </symbol>
      <symbol id="sm-5d5">
         <name>CmdLineProcess</name>
         <value>0x9fd1</value>
         <object_component_ref idref="oc-10a"/>
      </symbol>
      <symbol id="sm-653">
         <name>UARTgets</name>
         <value>0x9a6d</value>
         <object_component_ref idref="oc-104"/>
      </symbol>
      <symbol id="sm-654">
         <name>UARTStdioConfig</name>
         <value>0xa229</value>
         <object_component_ref idref="oc-188"/>
      </symbol>
      <symbol id="sm-655">
         <name>UARTwrite</name>
         <value>0xa5a1</value>
         <object_component_ref idref="oc-1aa"/>
      </symbol>
      <symbol id="sm-656">
         <name>UARTprintf</name>
         <value>0xaa85</value>
         <object_component_ref idref="oc-f2"/>
      </symbol>
      <symbol id="sm-657">
         <name>UARTvprintf</name>
         <value>0x8469</value>
         <object_component_ref idref="oc-18f"/>
      </symbol>
      <symbol id="sm-666">
         <name>__aeabi_uidivmod</name>
         <value>0xa675</value>
         <object_component_ref idref="oc-250"/>
      </symbol>
      <symbol id="sm-667">
         <name>__aeabi_uidiv</name>
         <value>0xa675</value>
         <object_component_ref idref="oc-250"/>
      </symbol>
      <symbol id="sm-679">
         <name>__TI_zero_init</name>
         <value>0xabb3</value>
         <object_component_ref idref="oc-62"/>
      </symbol>
      <symbol id="sm-690">
         <name>__TI_decompress_none</name>
         <value>0xab99</value>
         <object_component_ref idref="oc-18"/>
      </symbol>
      <symbol id="sm-6b3">
         <name>__TI_decompress_lzss</name>
         <value>0x9f01</value>
         <object_component_ref idref="oc-12"/>
      </symbol>
      <symbol id="sm-6c3">
         <name>strcat</name>
         <value>0xa9f3</value>
         <object_component_ref idref="oc-301"/>
      </symbol>
      <symbol id="sm-6d2">
         <name>strcmp</name>
         <value>0xaae9</value>
         <object_component_ref idref="oc-110"/>
      </symbol>
      <symbol id="sm-6e0">
         <name>strcpy</name>
         <value>0xab2b</value>
         <object_component_ref idref="oc-2f5"/>
      </symbol>
      <symbol id="sm-6ee">
         <name>strlen</name>
         <value>0xab3f</value>
         <object_component_ref idref="oc-2fb"/>
      </symbol>
      <symbol id="sm-6fe">
         <name>strncpy</name>
         <value>0xa769</value>
         <object_component_ref idref="oc-307"/>
      </symbol>
      <symbol id="sm-711">
         <name>__stack</name>
         <value>0x20000760</value>
         <object_component_ref idref="oc-21"/>
      </symbol>
      <symbol id="sm-712">
         <name>_c_int00_noargs</name>
         <value>0xa809</value>
         <object_component_ref idref="oc-6e"/>
      </symbol>
      <symbol id="sm-71c">
         <name>__aeabi_idiv0</name>
         <value>0x97eb</value>
         <object_component_ref idref="oc-2d5"/>
      </symbol>
      <symbol id="sm-71d">
         <name>__aeabi_ldiv0</name>
         <value>0x97eb</value>
         <object_component_ref idref="oc-2d5"/>
      </symbol>
      <symbol id="sm-72c">
         <name>__aeabi_memset</name>
         <value>0x9d2b</value>
         <object_component_ref idref="oc-ab"/>
      </symbol>
      <symbol id="sm-72d">
         <name>memset</name>
         <value>0x9d31</value>
         <object_component_ref idref="oc-ab"/>
      </symbol>
      <symbol id="sm-72e">
         <name>__aeabi_memset8</name>
         <value>0x9d2b</value>
         <object_component_ref idref="oc-ab"/>
      </symbol>
      <symbol id="sm-72f">
         <name>__aeabi_memset4</name>
         <value>0x9d2b</value>
         <object_component_ref idref="oc-ab"/>
      </symbol>
      <symbol id="sm-730">
         <name>__aeabi_memclr8</name>
         <value>0x9d29</value>
         <object_component_ref idref="oc-ab"/>
      </symbol>
      <symbol id="sm-731">
         <name>__aeabi_memclr4</name>
         <value>0x9d29</value>
         <object_component_ref idref="oc-ab"/>
      </symbol>
      <symbol id="sm-732">
         <name>__aeabi_memclr</name>
         <value>0x9d29</value>
         <object_component_ref idref="oc-ab"/>
      </symbol>
      <symbol id="sm-74d">
         <name>memcpy</name>
         <value>0x99cf</value>
         <object_component_ref idref="oc-50"/>
      </symbol>
      <symbol id="sm-74e">
         <name>__aeabi_memcpy</name>
         <value>0x99cf</value>
         <object_component_ref idref="oc-50"/>
      </symbol>
      <symbol id="sm-74f">
         <name>__aeabi_memcpy8</name>
         <value>0x99cf</value>
         <object_component_ref idref="oc-50"/>
      </symbol>
      <symbol id="sm-750">
         <name>__aeabi_memcpy4</name>
         <value>0x99cf</value>
         <object_component_ref idref="oc-50"/>
      </symbol>
      <symbol id="sm-778">
         <name>__TI_auto_init_nobinit_nopinit</name>
         <value>0xa631</value>
         <object_component_ref idref="oc-147"/>
      </symbol>
      <symbol id="sm-782">
         <name>_system_pre_init</name>
         <value>0xac15</value>
         <object_component_ref idref="oc-b1"/>
      </symbol>
      <symbol id="sm-78e">
         <name>C$$EXIT</name>
         <value>0xac19</value>
         <object_component_ref idref="oc-13b"/>
      </symbol>
      <symbol id="sm-78f">
         <name>abort</name>
         <value>0xac19</value>
         <object_component_ref idref="oc-13b"/>
      </symbol>
      <symbol id="sm-7d8">
         <name>GPIOPinConfigure</name>
         <value>0xa559</value>
         <object_component_ref idref="oc-1d1"/>
      </symbol>
      <symbol id="sm-7d9">
         <name>GPIOPinTypeGPIOOutput</name>
         <value>0xaab9</value>
         <object_component_ref idref="oc-1d7"/>
      </symbol>
      <symbol id="sm-7da">
         <name>GPIODirModeSet</name>
         <value>0xa8f5</value>
         <object_component_ref idref="oc-29b"/>
      </symbol>
      <symbol id="sm-7db">
         <name>GPIOPinWrite</name>
         <value>0xabfd</value>
         <object_component_ref idref="oc-1dd"/>
      </symbol>
      <symbol id="sm-7dc">
         <name>GPIOPadConfigSet</name>
         <value>0x8bd1</value>
         <object_component_ref idref="oc-295"/>
      </symbol>
      <symbol id="sm-7dd">
         <name>GPIOPinTypeSSI</name>
         <value>0xab53</value>
         <object_component_ref idref="oc-1e3"/>
      </symbol>
      <symbol id="sm-80e">
         <name>SSIDataPut</name>
         <value>0xabd9</value>
         <object_component_ref idref="oc-1fc"/>
      </symbol>
      <symbol id="sm-80f">
         <name>SSIDataGet</name>
         <value>0xaba7</value>
         <object_component_ref idref="oc-209"/>
      </symbol>
      <symbol id="sm-810">
         <name>SSIConfigSetExpClk</name>
         <value>0xa6f3</value>
         <object_component_ref idref="oc-1ef"/>
      </symbol>
      <symbol id="sm-811">
         <name>SSIEnable</name>
         <value>0xabe3</value>
         <object_component_ref idref="oc-1f5"/>
      </symbol>
      <symbol id="sm-812">
         <name>SSIBusy</name>
         <value>0xabed</value>
         <object_component_ref idref="oc-202"/>
      </symbol>
      <symbol id="sm-864">
         <name>SysCtlClockSet</name>
         <value>0x9221</value>
         <object_component_ref idref="oc-116"/>
      </symbol>
      <symbol id="sm-865">
         <name>SysCtlDelay</name>
         <value>0xac09</value>
         <object_component_ref idref="oc-1c3"/>
      </symbol>
      <symbol id="sm-866">
         <name>SysCtlPeripheralEnable</name>
         <value>0xa7d5</value>
         <object_component_ref idref="oc-1cb"/>
      </symbol>
      <symbol id="sm-867">
         <name>SysCtlClockGet</name>
         <value>0x8e15</value>
         <object_component_ref idref="oc-1e9"/>
      </symbol>
      <symbol id="sm-874">
         <name>UARTClockSourceSet</name>
         <value>0xac0f</value>
         <object_component_ref idref="oc-182"/>
      </symbol>
      <symbol id="sm-876">
         <name>__TI_static_base__</name>
         <value>0x0</value>
      </symbol>
      <symbol id="sm-879">
         <name>__mpu_init</name>
         <value>0x0</value>
      </symbol>
      <symbol id="sm-87a">
         <name>_system_post_cinit</name>
         <value>0x0</value>
      </symbol>
      <symbol id="sm-87b">
         <name>SysTickHandler</name>
         <value>0xa995</value>
      </symbol>
   </symbol_table>
   <title>Link successful</title>
</link_info>
