******************************************************************************
                  TI ARM Linker Unix v18.12.3                  
******************************************************************************
>> Linked Wed Dec  4 18:51:54 2019

OUTPUT FILE NAME:   <sd_card.out>
ENTRY POINT SYMBOL: "_c_int00_noargs"  address: 0000aa7d


MEMORY CONFIGURATION

         name            origin    length      used     unused   attr    fill
----------------------  --------  ---------  --------  --------  ----  --------
  FLASH                 00000000   00040000  0000afd0  00035030  R  X
  SRAM                  20000000   00008000  00000cc1  0000733f  RW X


SEGMENT ALLOCATION MAP

run origin  load origin   length   init length attrs members
----------  ----------- ---------- ----------- ----- -------
00000000    00000000    0000afd0   0000afd0    r-x
  00000000    00000000    0000026c   0000026c    r-- .intvecs
  0000026c    0000026c    00007a84   00007a84    r-- .const
  00007cf0    00007cf0    000031e0   000031e0    r-x .text
  0000aed0    0000aed0    00000100   00000100    r-- .cinit
20000000    20000000    00000cc3   00000000    rw-
  20000000    20000000    0000075e   00000000    rw- .bss
  20000760    20000760    00000400   00000000    rw- .stack
  20000b60    20000b60    00000163   00000000    rw- .data


SECTION ALLOCATION MAP

 output                                  attributes/
section   page    origin      length       input sections
--------  ----  ----------  ----------   ----------------
.intvecs   0    00000000    0000026c     
                  00000000    0000026c     startup_ccs.obj (.intvecs)

.const     0    0000026c    00007a84     
                  0000026c    00007378     cc932.obj (.const:uni2sjis)
                  000075e4    0000020a     sd_card.obj (.const:.string)
                  000077ee    000001e0     cc932.obj (.const:tbl_lower$1)
                  000079ce    000001e0     cc932.obj (.const:tbl_upper$2)
                  00007bae    00000002     --HOLE-- [fill = 0]
                  00007bb0    00000090     driverlib.lib : gpio.obj (.const:g_pui32GPIOBaseAddrs)
                  00007c40    0000006c                   : sysctl.obj (.const:g_pui32Xtals)
                  00007cac    00000010     flash.obj (.const:$P$T0$1)
                  00007cbc    0000000d     ff.obj (.const:.string:LfnOfs)
                  00007cc9    00000003     --HOLE-- [fill = 0]
                  00007ccc    0000000c     sd_card.obj (.const:$P$T0$1)
                  00007cd8    0000000c     uartstdio.obj (.const:g_ui32UARTBase)
                  00007ce4    0000000c     uartstdio.obj (.const:g_ui32UARTPeriph)

.text      0    00007cf0    000031e0     
                  00007cf0    00000308     ff.obj (.text:chk_mounted)
                  00007ff8    00000264     sd_card.obj (.text:main)
                  0000825c    00000233     ff.obj (.text:create_name)
                  0000848f    00000001     --HOLE-- [fill = 0]
                  00008490    000001ee     uartstdio.obj (.text:UARTvprintf)
                  0000867e    00000002     startup_ccs.obj (.text:FaultISR)
                  00008680    00000188     sd_card.obj (.text:Cmd_ls)
                  00008808    0000015e     ff.obj (.text:f_read)
                  00008966    00000002     startup_ccs.obj (.text:IntDefaultHandler)
                  00008968    00000150     ff.obj (.text:f_open)
                  00008ab8    00000140     mmc-dk-tm4c123g.obj (.text:disk_initialize)
                  00008bf8    00000132     driverlib.lib : gpio.obj (.text:GPIOPadConfigSet)
                  00008d2a    00000112     ff.obj (.text:dir_register)
                  00008e3c    00000110     driverlib.lib : sysctl.obj (.text:SysCtlClockGet)
                  00008f4c    0000010c     sd_card.obj (.text:Cmd_cd)
                  00009058    000000f8     ff.obj (.text:dir_next)
                  00009150    000000f8     ff.obj (.text:get_fileinfo)
                  00009248    000000f4     driverlib.lib : sysctl.obj (.text:SysCtlClockSet)
                  0000933c    000000e2     ff.obj (.text:put_fat)
                  0000941e    00000002     startup_ccs.obj (.text:NmiSR)
                  00009420    000000e0     sd_card.obj (.text:Cmd_cat)
                  00009500    000000d8     ff.obj (.text:f_getfree)
                  000095d8    000000cc     ff.obj (.text:get_fat)
                  000096a4    000000b8     mmc-dk-tm4c123g.obj (.text:disk_write)
                  0000975c    000000b6     ff.obj (.text:dir_find)
                  00009812    00000002     rtsv7M4_T_le_v4SPD16_eabi.lib : div0.asm.obj (.text)
                  00009814    000000a4     mmc-dk-tm4c123g.obj (.text:power_on)
                  000098b8    000000a0     ff.obj (.text:gen_numname)
                  00009958    0000009e     ff.obj (.text:dir_read)
                  000099f6    00000002     --HOLE-- [fill = 0]
                  000099f8    0000009c     flash.obj (.text:FLASHReadAddress)
                  00009a94    0000009c     rtsv7M4_T_le_v4SPD16_eabi.lib : memcpy_t2.asm.obj (.text)
                  00009b30    00000098     uartstdio.obj (.text:UARTgets)
                  00009bc8    00000098     ff.obj (.text:create_chain)
                  00009c60    00000090     mmc-dk-tm4c123g.obj (.text:disk_read)
                  00009cf0    00000080     flash.obj (.text:FLASHInit)
                  00009d70    0000007c     flash.obj (.text:FLASHWriteAddress)
                  00009dec    0000007c     ff.obj (.text:dir_sdi)
                  00009e68    0000007a     rtsv7M4_T_le_v4SPD16_eabi.lib : memset_t2.asm.obj (.text)
                  00009ee2    00000002     --HOLE-- [fill = 0]
                  00009ee4    00000074     sd_card.obj (.text:ConfigureUART)
                  00009f58    00000074     ff.obj (.text:check_fs)
                  00009fcc    00000074     ff.obj (.text:cmp_lfn)
                  0000a040    00000068     rtsv7M4_T_le_v4SPD16_eabi.lib : copy_decompress_lzss.c.obj (.text:decompress:lzss:__TI_decompress_lzss)
                  0000a0a8    00000066     mmc-dk-tm4c123g.obj (.text:send_cmd)
                  0000a10e    00000002     --HOLE-- [fill = 0]
                  0000a110    00000064     cmdline.obj (.text:CmdLineProcess)
                  0000a174    00000064     sd_card.obj (.text:Cmd_help)
                  0000a1d8    00000064     ff.obj (.text:f_opendir)
                  0000a23c    00000064     ff.obj (.text:fit_lfn)
                  0000a2a0    00000064     ff.obj (.text:follow_path)
                  0000a304    00000062     ff.obj (.text:remove_chain)
                  0000a366    00000002     --HOLE-- [fill = 0]
                  0000a368    00000060     uartstdio.obj (.text:UARTStdioConfig)
                  0000a3c8    00000060     cc932.obj (.text:ff_convert)
                  0000a428    00000060     ff.obj (.text:pick_lfn)
                  0000a488    00000060     mmc-dk-tm4c123g.obj (.text:send_initial_clock_train)
                  0000a4e8    0000005c     flash.obj (.text:FLASHSendCommand)
                  0000a544    00000056     ff.obj (.text:sync_window)
                  0000a59a    00000002     --HOLE-- [fill = 0]
                  0000a59c    00000054     ff.obj (.text:f_readdir)
                  0000a5f0    00000054     mmc-dk-tm4c123g.obj (.text:set_max_speed)
                  0000a644    00000052     mmc-dk-tm4c123g.obj (.text:xmit_datablock)
                  0000a696    00000002     --HOLE-- [fill = 0]
                  0000a698    00000048     driverlib.lib : gpio.obj (.text:GPIOPinConfigure)
                  0000a6e0    00000048     uartstdio.obj (.text:UARTwrite)
                  0000a728    00000048     mmc-dk-tm4c123g.obj (.text:rcvr_datablock)
                  0000a770    00000044     flash.obj (.text:FLASHSendCommandNoCS)
                  0000a7b4    00000044     rtsv7M4_T_le_v4SPD16_eabi.lib : autoinit.c.obj (.text:__TI_auto_init_nobinit_nopinit:__TI_auto_init_nobinit_nopinit)
                  0000a7f8    00000040     flash.obj (.text:FLASHClockOut)
                  0000a838    00000040     flash.obj (.text:FLASHIsBusy)
                  0000a878    00000040     rtsv7M4_T_le_v4SPD16_eabi.lib : u_divt2.asm.obj (.text)
                  0000a8b8    0000003e     ff.obj (.text:dir_alloc)
                  0000a8f6    00000002     --HOLE-- [fill = 0]
                  0000a8f8    0000003c     flash.obj (.text:FLASHEraseSector)
                  0000a934    0000003c     driverlib.lib : ssi.obj (.text:SSIConfigSetExpClk)
                  0000a970    00000038     flash.obj (.text:FLASHReadResponse)
                  0000a9a8    00000036     rtsv7M4_T_le_v4SPD16_eabi.lib : strncpy.c.obj (.text:strncpy)
                  0000a9de    00000002     --HOLE-- [fill = 0]
                  0000a9e0    00000034     flash.obj (.text:FLASHClockIn)
                  0000aa14    00000034     sd_card.obj (.text:StringFromFResult)
                  0000aa48    00000034     driverlib.lib : sysctl.obj (.text:SysCtlPeripheralEnable)
                  0000aa7c    00000034     rtsv7M4_T_le_v4SPD16_eabi.lib : boot_cortex_m.c.obj (.text:_c_int00_noargs:_c_int00_noargs)
                  0000aab0    00000032     mmc-dk-tm4c123g.obj (.text:send_cmd12)
                  0000aae2    0000002e     ff.obj (.text:move_window)
                  0000ab10    0000002c     ff.obj (.text:f_mount)
                  0000ab3c    0000002c     mmc-dk-tm4c123g.obj (.text:rcvr_spi)
                  0000ab68    0000002a     driverlib.lib : gpio.obj (.text:GPIODirModeSet)
                  0000ab92    00000002     --HOLE-- [fill = 0]
                  0000ab94    00000028     flash.obj (.text:FLASHReadId)
                  0000abbc    00000028     cc932.obj (.text:ff_wtoupper)
                  0000abe4    00000028     ff.obj (.text:validate)
                  0000ac0c    00000024     mmc-dk-tm4c123g.obj (.text:xmit_spi)
                  0000ac30    00000020     mmc-dk-tm4c123g.obj (.text:disk_timerproc)
                  0000ac50    00000020     mmc-dk-tm4c123g.obj (.text:wait_ready)
                  0000ac70    0000001e     ff.obj (.text:ld_clust)
                  0000ac8e    0000001e     rtsv7M4_T_le_v4SPD16_eabi.lib : strcat.c.obj (.text:strcat)
                  0000acac    0000001e     ff.obj (.text:sum_sfn)
                  0000acca    00000002     --HOLE-- [fill = 0]
                  0000accc    0000001c     mmc-dk-tm4c123g.obj (.text:DESELECT)
                  0000ace8    0000001c     mmc-dk-tm4c123g.obj (.text:SELECT)
                  0000ad04    0000001c     ff.obj (.text:mem_cmp)
                  0000ad20    0000001a     uartstdio.obj (.text:UARTprintf)
                  0000ad3a    00000002     --HOLE-- [fill = 0]
                  0000ad3c    00000018     sd_card.obj (.text:Cmd_pwd)
                  0000ad54    00000018     flash.obj (.text:FLASHWriteEnable)
                  0000ad6c    00000018     driverlib.lib : gpio.obj (.text:GPIOPinTypeGPIOOutput)
                  0000ad84    00000018     ff.obj (.text:clust2sect)
                  0000ad9c    00000018     rtsv7M4_T_le_v4SPD16_eabi.lib : strcmp.c.obj (.text:strcmp)
                  0000adb4    00000016     ff.obj (.text:mem_cpy)
                  0000adca    00000014     ff.obj (.text:mem_set)
                  0000adde    00000014     rtsv7M4_T_le_v4SPD16_eabi.lib : strcpy.c.obj (.text:strcpy)
                  0000adf2    00000014                                   : strlen.c.obj (.text:strlen)
                  0000ae06    00000012     driverlib.lib : gpio.obj (.text:GPIOPinTypeSSI)
                  0000ae18    00000012     ff.obj (.text:chk_chr)
                  0000ae2a    00000002     --HOLE-- [fill = 0]
                  0000ae2c    00000010     mmc-dk-tm4c123g.obj (.text:disk_status)
                  0000ae3c    00000010     ff.obj (.text:st_clust)
                  0000ae4c    0000000e     rtsv7M4_T_le_v4SPD16_eabi.lib : copy_decompress_none.c.obj (.text:decompress:none:__TI_decompress_none)
                  0000ae5a    0000000c     driverlib.lib : ssi.obj (.text:SSIDataGet)
                  0000ae66    0000000c     rtsv7M4_T_le_v4SPD16_eabi.lib : copy_zero_init.c.obj (.text:decompress:ZI:__TI_zero_init)
                  0000ae72    00000002     --HOLE-- [fill = 0]
                  0000ae74    0000000c     mmc-dk-tm4c123g.obj (.text:power_off)
                  0000ae80    0000000c     mmc-dk-tm4c123g.obj (.text:rcvr_spi_m)
                  0000ae8c    0000000a     driverlib.lib : ssi.obj (.text:SSIDataPut)
                  0000ae96    0000000a                   : ssi.obj (.text:SSIEnable)
                  0000aea0    00000008                   : ssi.obj (.text:SSIBusy)
                  0000aea8    00000008     mmc-dk-tm4c123g.obj (.text:get_fattime)
                  0000aeb0    00000006     driverlib.lib : gpio.obj (.text:GPIOPinWrite)
                  0000aeb6    00000006     startup_ccs.obj (.text:ResetISR)
                  0000aebc    00000006     driverlib.lib : sysctl.obj (.text:SysCtlDelay)
                  0000aec2    00000006                   : uart.obj (.text:UARTClockSourceSet)
                  0000aec8    00000004     rtsv7M4_T_le_v4SPD16_eabi.lib : pre_init.c.obj (.text:_system_pre_init)
                  0000aecc    00000004                                   : exit.c.obj (.text:abort:abort)

.cinit     0    0000aed0    00000100     
                  0000aed0    000000d8     (.cinit..data.load) [load image, compression = lzss]
                  0000afa8    0000000c     (__TI_handler_table)
                  0000afb4    00000004     --HOLE-- [fill = 0]
                  0000afb8    00000008     (.cinit..bss.load) [load image, compression = zero_init]
                  0000afc0    00000010     (__TI_cinit_table)

.init_array 
*          0    00000000    00000000     UNINITIALIZED

.bss       0    20000000    0000075e     UNINITIALIZED
                  20000000    00000234     sd_card.obj (.bss:g_sFatFs)
                  20000234    00000224     sd_card.obj (.bss:g_sFileObject)
                  20000458    00000200     ff.obj (.bss:LfnBuf)
                  20000658    00000050     sd_card.obj (.bss:g_pcTmpBuf)
                  200006a8    00000040     sd_card.obj (.bss:g_pcCmdBuf)
                  200006e8    00000024     cmdline.obj (.bss:g_ppcArgv)
                  2000070c    00000024     sd_card.obj (.bss:g_sDirObject)
                  20000730    00000020     sd_card.obj (.bss:g_sFileInfo)
                  20000750    00000004     ff.obj (.bss:FatFs)
                  20000754    00000004     (.common:valueToSave)
                  20000758    00000003     mmc-dk-tm4c123g.obj (.bss)
                  2000075b    00000001     --HOLE--
                  2000075c    00000002     ff.obj (.bss)

.data      0    20000b60    00000163     UNINITIALIZED
                  20000b60    000000a0     sd_card.obj (.data:g_psFResultStrings)
                  20000c00    0000006c     sd_card.obj (.data:g_psCmdTable)
                  20000c6c    00000050     sd_card.obj (.data:g_pcCwdBuf)
                  20000cbc    00000005     uartstdio.obj (.data)
                  20000cc1    00000002     mmc-dk-tm4c123g.obj (.data)

.stack     0    20000760    00000400     UNINITIALIZED
                  20000760    00000004     rtsv7M4_T_le_v4SPD16_eabi.lib : boot_cortex_m.c.obj (.stack)
                  20000764    000003fc     --HOLE--

MODULE SUMMARY

       Module                       code    ro data   rw data
       ------                       ----    -------   -------
    ./
       sd_card.obj                  1788    534       1676   
       flash.obj                    928     16        0      
       startup_ccs.obj              12      620       0      
    +--+----------------------------+-------+---------+---------+
       Total:                       2728    1170      1676   
                                                             
    ./third_party/fatfs/port/
       mmc-dk-tm4c123g.obj          1546    0         5      
    +--+----------------------------+-------+---------+---------+
       Total:                       1546    0         5      
                                                             
    ./third_party/fatfs/src/
       ff.obj                       5493    13        518    
    +--+----------------------------+-------+---------+---------+
       Total:                       5493    13        518    
                                                             
    ./third_party/fatfs/src/option/
       cc932.obj                    136     30520     0      
    +--+----------------------------+-------+---------+---------+
       Total:                       136     30520     0      
                                                             
    ./utils/
       uartstdio.obj                840     24        5      
       cmdline.obj                  100     0         36     
    +--+----------------------------+-------+---------+---------+
       Total:                       940     24        41     
                                                             
    /Applications/ti/ccs920/ccs/tools/compiler/ti-cgt-arm_18.12.3.LTS/lib/rtsv7M4_T_le_v4SPD16_eabi.lib
       memcpy_t2.asm.obj            156     0         0      
       memset_t2.asm.obj            122     0         0      
       copy_decompress_lzss.c.obj   104     0         0      
       autoinit.c.obj               68      0         0      
       u_divt2.asm.obj              64      0         0      
       strncpy.c.obj                54      0         0      
       boot_cortex_m.c.obj          52      0         0      
       strcat.c.obj                 30      0         0      
       strcmp.c.obj                 24      0         0      
       strcpy.c.obj                 20      0         0      
       strlen.c.obj                 20      0         0      
       copy_decompress_none.c.obj   14      0         0      
       copy_zero_init.c.obj         12      0         0      
       exit.c.obj                   4       0         0      
       pre_init.c.obj               4       0         0      
       div0.asm.obj                 2       0         0      
    +--+----------------------------+-------+---------+---------+
       Total:                       750     0         0      
                                                             
    /Users/margalitnoa/ti/tivaware_c_series_2_1_4_178/driverlib/ccs/Debug/driverlib.lib
       sysctl.obj                   574     108       0      
       gpio.obj                     468     144       0      
       ssi.obj                      100     0         0      
       uart.obj                     6       0         0      
    +--+----------------------------+-------+---------+---------+
       Total:                       1148    252       0      
                                                             
       Stack:                       0       0         1024   
       Linker Generated:            0       252       0      
    +--+----------------------------+-------+---------+---------+
       Grand Total:                 12741   32231     3264   


LINKER GENERATED COPY TABLES

__TI_cinit_table @ 0000afc0 records: 2, size/record: 8, table size: 16
	.data: load addr=0000aed0, load size=000000d8 bytes, run addr=20000b60, run size=00000163 bytes, compression=lzss
	.bss: load addr=0000afb8, load size=00000008 bytes, run addr=20000000, run size=0000075e bytes, compression=zero_init


LINKER GENERATED HANDLER TABLE

__TI_handler_table @ 0000afa8 records: 3, size/record: 4, table size: 12
	index: 0, handler: __TI_decompress_lzss
	index: 1, handler: __TI_decompress_none
	index: 2, handler: __TI_zero_init


GLOBAL SYMBOLS: SORTED ALPHABETICALLY BY Name 

address   name                          
-------   ----                          
0000aecd  C$$EXIT                       
0000a111  CmdLineProcess                
00009421  Cmd_cat                       
00008f4d  Cmd_cd                        
0000a175  Cmd_help                      
00008681  Cmd_ls                        
0000ad3d  Cmd_pwd                       
00009ee5  ConfigureUART                 
0000a9e1  FLASHClockIn                  
0000a7f9  FLASHClockOut                 
0000a8f9  FLASHEraseSector              
00009cf1  FLASHInit                     
0000a839  FLASHIsBusy                   
000099f9  FLASHReadAddress              
0000ab95  FLASHReadId                   
0000a971  FLASHReadResponse             
0000a4e9  FLASHSendCommand              
0000a771  FLASHSendCommandNoCS          
00009d71  FLASHWriteAddress             
0000ad55  FLASHWriteEnable              
0000ab69  GPIODirModeSet                
00008bf9  GPIOPadConfigSet              
0000a699  GPIOPinConfigure              
0000ad6d  GPIOPinTypeGPIOOutput         
0000ae07  GPIOPinTypeSSI                
0000aeb1  GPIOPinWrite                  
0000aeb7  ResetISR                      
0000aea1  SSIBusy                       
0000a935  SSIConfigSetExpClk            
0000ae5b  SSIDataGet                    
0000ae8d  SSIDataPut                    
0000ae97  SSIEnable                     
0000aa15  StringFromFResult             
00008e3d  SysCtlClockGet                
00009249  SysCtlClockSet                
0000aebd  SysCtlDelay                   
0000aa49  SysCtlPeripheralEnable        
0000ac31  SysTickHandler                
0000aec3  UARTClockSourceSet            
0000a369  UARTStdioConfig               
00009b31  UARTgets                      
0000ad21  UARTprintf                    
00008491  UARTvprintf                   
0000a6e1  UARTwrite                     
20000b60  __STACK_END                   
00000400  __STACK_SIZE                  
20000b60  __STACK_TOP                   
0000afc0  __TI_CINIT_Base               
0000afd0  __TI_CINIT_Limit              
0000afa8  __TI_Handler_Table_Base       
0000afb4  __TI_Handler_Table_Limit      
0000a7b5  __TI_auto_init_nobinit_nopinit
0000a041  __TI_decompress_lzss          
0000ae4d  __TI_decompress_none          
ffffffff  __TI_pprof_out_hndl           
ffffffff  __TI_prof_data_size           
ffffffff  __TI_prof_data_start          
00000000  __TI_static_base__            
0000ae67  __TI_zero_init                
00009813  __aeabi_idiv0                 
00009813  __aeabi_ldiv0                 
00009e69  __aeabi_memclr                
00009e69  __aeabi_memclr4               
00009e69  __aeabi_memclr8               
00009a95  __aeabi_memcpy                
00009a95  __aeabi_memcpy4               
00009a95  __aeabi_memcpy8               
00009e6b  __aeabi_memset                
00009e6b  __aeabi_memset4               
00009e6b  __aeabi_memset8               
0000a879  __aeabi_uidiv                 
0000a879  __aeabi_uidivmod              
ffffffff  __binit__                     
ffffffff  __c_args__                    
UNDEFED   __mpu_init                    
20000760  __stack                       
0000aa7d  _c_int00_noargs               
UNDEFED   _system_post_cinit            
0000aec9  _system_pre_init              
0000aecd  abort                         
ffffffff  binit                         
0000ad85  clust2sect                    
00008ab9  disk_initialize               
00009c61  disk_read                     
0000ae2d  disk_status                   
0000ac31  disk_timerproc                
000096a5  disk_write                    
00009501  f_getfree                     
0000ab11  f_mount                       
00008969  f_open                        
0000a1d9  f_opendir                     
00008809  f_read                        
0000a59d  f_readdir                     
0000a3c9  ff_convert                    
0000abbd  ff_wtoupper                   
00000000  g_pfnVectors                  
20000c00  g_psCmdTable                  
20000b60  g_psFResultStrings            
000098b9  gen_numname                   
000095d9  get_fat                       
0000aea9  get_fattime                   
00007ff9  main                          
00009a95  memcpy                        
00009e71  memset                        
0000933d  put_fat                       
0000ac8f  strcat                        
0000ad9d  strcmp                        
0000addf  strcpy                        
0000adf3  strlen                        
0000a9a9  strncpy                       
20000754  valueToSave                   


GLOBAL SYMBOLS: SORTED BY Symbol Address 

address   name                          
-------   ----                          
00000000  __TI_static_base__            
00000000  g_pfnVectors                  
00000400  __STACK_SIZE                  
00007ff9  main                          
00008491  UARTvprintf                   
00008681  Cmd_ls                        
00008809  f_read                        
00008969  f_open                        
00008ab9  disk_initialize               
00008bf9  GPIOPadConfigSet              
00008e3d  SysCtlClockGet                
00008f4d  Cmd_cd                        
00009249  SysCtlClockSet                
0000933d  put_fat                       
00009421  Cmd_cat                       
00009501  f_getfree                     
000095d9  get_fat                       
000096a5  disk_write                    
00009813  __aeabi_idiv0                 
00009813  __aeabi_ldiv0                 
000098b9  gen_numname                   
000099f9  FLASHReadAddress              
00009a95  __aeabi_memcpy                
00009a95  __aeabi_memcpy4               
00009a95  __aeabi_memcpy8               
00009a95  memcpy                        
00009b31  UARTgets                      
00009c61  disk_read                     
00009cf1  FLASHInit                     
00009d71  FLASHWriteAddress             
00009e69  __aeabi_memclr                
00009e69  __aeabi_memclr4               
00009e69  __aeabi_memclr8               
00009e6b  __aeabi_memset                
00009e6b  __aeabi_memset4               
00009e6b  __aeabi_memset8               
00009e71  memset                        
00009ee5  ConfigureUART                 
0000a041  __TI_decompress_lzss          
0000a111  CmdLineProcess                
0000a175  Cmd_help                      
0000a1d9  f_opendir                     
0000a369  UARTStdioConfig               
0000a3c9  ff_convert                    
0000a4e9  FLASHSendCommand              
0000a59d  f_readdir                     
0000a699  GPIOPinConfigure              
0000a6e1  UARTwrite                     
0000a771  FLASHSendCommandNoCS          
0000a7b5  __TI_auto_init_nobinit_nopinit
0000a7f9  FLASHClockOut                 
0000a839  FLASHIsBusy                   
0000a879  __aeabi_uidiv                 
0000a879  __aeabi_uidivmod              
0000a8f9  FLASHEraseSector              
0000a935  SSIConfigSetExpClk            
0000a971  FLASHReadResponse             
0000a9a9  strncpy                       
0000a9e1  FLASHClockIn                  
0000aa15  StringFromFResult             
0000aa49  SysCtlPeripheralEnable        
0000aa7d  _c_int00_noargs               
0000ab11  f_mount                       
0000ab69  GPIODirModeSet                
0000ab95  FLASHReadId                   
0000abbd  ff_wtoupper                   
0000ac31  SysTickHandler                
0000ac31  disk_timerproc                
0000ac8f  strcat                        
0000ad21  UARTprintf                    
0000ad3d  Cmd_pwd                       
0000ad55  FLASHWriteEnable              
0000ad6d  GPIOPinTypeGPIOOutput         
0000ad85  clust2sect                    
0000ad9d  strcmp                        
0000addf  strcpy                        
0000adf3  strlen                        
0000ae07  GPIOPinTypeSSI                
0000ae2d  disk_status                   
0000ae4d  __TI_decompress_none          
0000ae5b  SSIDataGet                    
0000ae67  __TI_zero_init                
0000ae8d  SSIDataPut                    
0000ae97  SSIEnable                     
0000aea1  SSIBusy                       
0000aea9  get_fattime                   
0000aeb1  GPIOPinWrite                  
0000aeb7  ResetISR                      
0000aebd  SysCtlDelay                   
0000aec3  UARTClockSourceSet            
0000aec9  _system_pre_init              
0000aecd  C$$EXIT                       
0000aecd  abort                         
0000afa8  __TI_Handler_Table_Base       
0000afb4  __TI_Handler_Table_Limit      
0000afc0  __TI_CINIT_Base               
0000afd0  __TI_CINIT_Limit              
20000754  valueToSave                   
20000760  __stack                       
20000b60  __STACK_END                   
20000b60  __STACK_TOP                   
20000b60  g_psFResultStrings            
20000c00  g_psCmdTable                  
ffffffff  __TI_pprof_out_hndl           
ffffffff  __TI_prof_data_size           
ffffffff  __TI_prof_data_start          
ffffffff  __binit__                     
ffffffff  __c_args__                    
ffffffff  binit                         
UNDEFED   __mpu_init                    
UNDEFED   _system_post_cinit            

[111 symbols]
