******************************************************************************
                  TI ARM Linker Unix v18.12.3                  
******************************************************************************
>> Linked Tue Dec  3 12:14:38 2019

OUTPUT FILE NAME:   <sd_card.out>
ENTRY POINT SYMBOL: "_c_int00_noargs"  address: 0000a809


MEMORY CONFIGURATION

         name            origin    length      used     unused   attr    fill
----------------------  --------  ---------  --------  --------  ----  --------
  FLASH                 00000000   00040000  0000ad1c  000352e4  R  X
  SRAM                  20000000   00008000  00000cc1  0000733f  RW X


SEGMENT ALLOCATION MAP

run origin  load origin   length   init length attrs members
----------  ----------- ---------- ----------- ----- -------
00000000    00000000    0000ad20   0000ad20    r-x
  00000000    00000000    0000026c   0000026c    r-- .intvecs
  0000026c    0000026c    00007a68   00007a68    r-- .const
  00007cd4    00007cd4    00002f48   00002f48    r-x .text
  0000ac20    0000ac20    00000100   00000100    r-- .cinit
20000000    20000000    00000cc3   00000000    rw-
  20000000    20000000    0000075e   00000000    rw- .bss
  20000760    20000760    00000400   00000000    rw- .stack
  20000b60    20000b60    00000163   00000000    rw- .data


SECTION ALLOCATION MAP

 output                                  attributes/
section   page    origin      length       input sections
--------  ----  ----------  ----------   ----------------
.intvecs   0    00000000    0000026c     
                  00000000    0000026c     startup_ccs.obj (.intvecs)

.const     0    0000026c    00007a68     
                  0000026c    00007378     cc932.obj (.const:uni2sjis)
                  000075e4    0000020a     sd_card.obj (.const:.string)
                  000077ee    000001e0     cc932.obj (.const:tbl_lower$1)
                  000079ce    000001e0     cc932.obj (.const:tbl_upper$2)
                  00007bae    00000002     --HOLE-- [fill = 0]
                  00007bb0    00000090     driverlib.lib : gpio.obj (.const:g_pui32GPIOBaseAddrs)
                  00007c40    0000006c                   : sysctl.obj (.const:g_pui32Xtals)
                  00007cac    0000000d     ff.obj (.const:.string:LfnOfs)
                  00007cb9    00000003     --HOLE-- [fill = 0]
                  00007cbc    0000000c     uartstdio.obj (.const:g_ui32UARTBase)
                  00007cc8    0000000c     uartstdio.obj (.const:g_ui32UARTPeriph)

.text      0    00007cd4    00002f48     
                  00007cd4    00000308     ff.obj (.text:chk_mounted)
                  00007fdc    00000258     sd_card.obj (.text:main)
                  00008234    00000233     ff.obj (.text:create_name)
                  00008467    00000001     --HOLE-- [fill = 0]
                  00008468    000001ee     uartstdio.obj (.text:UARTvprintf)
                  00008656    00000002     startup_ccs.obj (.text:FaultISR)
                  00008658    00000188     sd_card.obj (.text:Cmd_ls)
                  000087e0    0000015e     ff.obj (.text:f_read)
                  0000893e    00000002     startup_ccs.obj (.text:IntDefaultHandler)
                  00008940    00000150     ff.obj (.text:f_open)
                  00008a90    00000140     mmc-dk-tm4c123g.obj (.text:disk_initialize)
                  00008bd0    00000132     driverlib.lib : gpio.obj (.text:GPIOPadConfigSet)
                  00008d02    00000112     ff.obj (.text:dir_register)
                  00008e14    00000110     driverlib.lib : sysctl.obj (.text:SysCtlClockGet)
                  00008f24    0000010c     sd_card.obj (.text:Cmd_cd)
                  00009030    000000f8     ff.obj (.text:dir_next)
                  00009128    000000f8     ff.obj (.text:get_fileinfo)
                  00009220    000000f4     driverlib.lib : sysctl.obj (.text:SysCtlClockSet)
                  00009314    000000e2     ff.obj (.text:put_fat)
                  000093f6    00000002     startup_ccs.obj (.text:NmiSR)
                  000093f8    000000e0     sd_card.obj (.text:Cmd_cat)
                  000094d8    000000d8     ff.obj (.text:f_getfree)
                  000095b0    000000cc     ff.obj (.text:get_fat)
                  0000967c    000000b8     mmc-dk-tm4c123g.obj (.text:disk_write)
                  00009734    000000b6     ff.obj (.text:dir_find)
                  000097ea    00000002     rtsv7M4_T_le_v4SPD16_eabi.lib : div0.asm.obj (.text)
                  000097ec    000000a4     mmc-dk-tm4c123g.obj (.text:power_on)
                  00009890    000000a0     ff.obj (.text:gen_numname)
                  00009930    0000009e     ff.obj (.text:dir_read)
                  000099ce    0000009c     rtsv7M4_T_le_v4SPD16_eabi.lib : memcpy_t2.asm.obj (.text)
                  00009a6a    00000002     --HOLE-- [fill = 0]
                  00009a6c    00000098     uartstdio.obj (.text:UARTgets)
                  00009b04    00000098     ff.obj (.text:create_chain)
                  00009b9c    00000090     mmc-dk-tm4c123g.obj (.text:disk_read)
                  00009c2c    00000080     flash.obj (.text:FLASHInit)
                  00009cac    0000007c     ff.obj (.text:dir_sdi)
                  00009d28    0000007a     rtsv7M4_T_le_v4SPD16_eabi.lib : memset_t2.asm.obj (.text)
                  00009da2    00000002     --HOLE-- [fill = 0]
                  00009da4    00000074     sd_card.obj (.text:ConfigureUART)
                  00009e18    00000074     ff.obj (.text:check_fs)
                  00009e8c    00000074     ff.obj (.text:cmp_lfn)
                  00009f00    00000068     rtsv7M4_T_le_v4SPD16_eabi.lib : copy_decompress_lzss.c.obj (.text:decompress:lzss:__TI_decompress_lzss)
                  00009f68    00000066     mmc-dk-tm4c123g.obj (.text:send_cmd)
                  00009fce    00000002     --HOLE-- [fill = 0]
                  00009fd0    00000064     cmdline.obj (.text:CmdLineProcess)
                  0000a034    00000064     sd_card.obj (.text:Cmd_help)
                  0000a098    00000064     ff.obj (.text:f_opendir)
                  0000a0fc    00000064     ff.obj (.text:fit_lfn)
                  0000a160    00000064     ff.obj (.text:follow_path)
                  0000a1c4    00000062     ff.obj (.text:remove_chain)
                  0000a226    00000002     --HOLE-- [fill = 0]
                  0000a228    00000060     uartstdio.obj (.text:UARTStdioConfig)
                  0000a288    00000060     cc932.obj (.text:ff_convert)
                  0000a2e8    00000060     ff.obj (.text:pick_lfn)
                  0000a348    00000060     mmc-dk-tm4c123g.obj (.text:send_initial_clock_train)
                  0000a3a8    0000005c     flash.obj (.text:FLASHSendCommand)
                  0000a404    00000056     ff.obj (.text:sync_window)
                  0000a45a    00000002     --HOLE-- [fill = 0]
                  0000a45c    00000054     ff.obj (.text:f_readdir)
                  0000a4b0    00000054     mmc-dk-tm4c123g.obj (.text:set_max_speed)
                  0000a504    00000052     mmc-dk-tm4c123g.obj (.text:xmit_datablock)
                  0000a556    00000002     --HOLE-- [fill = 0]
                  0000a558    00000048     driverlib.lib : gpio.obj (.text:GPIOPinConfigure)
                  0000a5a0    00000048     uartstdio.obj (.text:UARTwrite)
                  0000a5e8    00000048     mmc-dk-tm4c123g.obj (.text:rcvr_datablock)
                  0000a630    00000044     rtsv7M4_T_le_v4SPD16_eabi.lib : autoinit.c.obj (.text:__TI_auto_init_nobinit_nopinit:__TI_auto_init_nobinit_nopinit)
                  0000a674    00000040                                   : u_divt2.asm.obj (.text)
                  0000a6b4    0000003e     ff.obj (.text:dir_alloc)
                  0000a6f2    0000003c     driverlib.lib : ssi.obj (.text:SSIConfigSetExpClk)
                  0000a72e    00000002     --HOLE-- [fill = 0]
                  0000a730    00000038     flash.obj (.text:FLASHReadResponse)
                  0000a768    00000036     rtsv7M4_T_le_v4SPD16_eabi.lib : strncpy.c.obj (.text:strncpy)
                  0000a79e    00000002     --HOLE-- [fill = 0]
                  0000a7a0    00000034     sd_card.obj (.text:StringFromFResult)
                  0000a7d4    00000034     driverlib.lib : sysctl.obj (.text:SysCtlPeripheralEnable)
                  0000a808    00000034     rtsv7M4_T_le_v4SPD16_eabi.lib : boot_cortex_m.c.obj (.text:_c_int00_noargs:_c_int00_noargs)
                  0000a83c    00000032     mmc-dk-tm4c123g.obj (.text:send_cmd12)
                  0000a86e    0000002e     ff.obj (.text:move_window)
                  0000a89c    0000002c     ff.obj (.text:f_mount)
                  0000a8c8    0000002c     mmc-dk-tm4c123g.obj (.text:rcvr_spi)
                  0000a8f4    0000002a     driverlib.lib : gpio.obj (.text:GPIODirModeSet)
                  0000a91e    00000002     --HOLE-- [fill = 0]
                  0000a920    00000028     cc932.obj (.text:ff_wtoupper)
                  0000a948    00000028     ff.obj (.text:validate)
                  0000a970    00000024     mmc-dk-tm4c123g.obj (.text:xmit_spi)
                  0000a994    00000020     mmc-dk-tm4c123g.obj (.text:disk_timerproc)
                  0000a9b4    00000020     mmc-dk-tm4c123g.obj (.text:wait_ready)
                  0000a9d4    0000001e     ff.obj (.text:ld_clust)
                  0000a9f2    0000001e     rtsv7M4_T_le_v4SPD16_eabi.lib : strcat.c.obj (.text:strcat)
                  0000aa10    0000001e     ff.obj (.text:sum_sfn)
                  0000aa2e    00000002     --HOLE-- [fill = 0]
                  0000aa30    0000001c     mmc-dk-tm4c123g.obj (.text:DESELECT)
                  0000aa4c    0000001c     mmc-dk-tm4c123g.obj (.text:SELECT)
                  0000aa68    0000001c     ff.obj (.text:mem_cmp)
                  0000aa84    0000001a     uartstdio.obj (.text:UARTprintf)
                  0000aa9e    00000002     --HOLE-- [fill = 0]
                  0000aaa0    00000018     sd_card.obj (.text:Cmd_pwd)
                  0000aab8    00000018     driverlib.lib : gpio.obj (.text:GPIOPinTypeGPIOOutput)
                  0000aad0    00000018     ff.obj (.text:clust2sect)
                  0000aae8    00000018     rtsv7M4_T_le_v4SPD16_eabi.lib : strcmp.c.obj (.text:strcmp)
                  0000ab00    00000016     ff.obj (.text:mem_cpy)
                  0000ab16    00000014     ff.obj (.text:mem_set)
                  0000ab2a    00000014     rtsv7M4_T_le_v4SPD16_eabi.lib : strcpy.c.obj (.text:strcpy)
                  0000ab3e    00000014                                   : strlen.c.obj (.text:strlen)
                  0000ab52    00000012     driverlib.lib : gpio.obj (.text:GPIOPinTypeSSI)
                  0000ab64    00000012     ff.obj (.text:chk_chr)
                  0000ab76    00000002     --HOLE-- [fill = 0]
                  0000ab78    00000010     mmc-dk-tm4c123g.obj (.text:disk_status)
                  0000ab88    00000010     ff.obj (.text:st_clust)
                  0000ab98    0000000e     rtsv7M4_T_le_v4SPD16_eabi.lib : copy_decompress_none.c.obj (.text:decompress:none:__TI_decompress_none)
                  0000aba6    0000000c     driverlib.lib : ssi.obj (.text:SSIDataGet)
                  0000abb2    0000000c     rtsv7M4_T_le_v4SPD16_eabi.lib : copy_zero_init.c.obj (.text:decompress:ZI:__TI_zero_init)
                  0000abbe    00000002     --HOLE-- [fill = 0]
                  0000abc0    0000000c     mmc-dk-tm4c123g.obj (.text:power_off)
                  0000abcc    0000000c     mmc-dk-tm4c123g.obj (.text:rcvr_spi_m)
                  0000abd8    0000000a     driverlib.lib : ssi.obj (.text:SSIDataPut)
                  0000abe2    0000000a                   : ssi.obj (.text:SSIEnable)
                  0000abec    00000008                   : ssi.obj (.text:SSIBusy)
                  0000abf4    00000008     mmc-dk-tm4c123g.obj (.text:get_fattime)
                  0000abfc    00000006     driverlib.lib : gpio.obj (.text:GPIOPinWrite)
                  0000ac02    00000006     startup_ccs.obj (.text:ResetISR)
                  0000ac08    00000006     driverlib.lib : sysctl.obj (.text:SysCtlDelay)
                  0000ac0e    00000006                   : uart.obj (.text:UARTClockSourceSet)
                  0000ac14    00000004     rtsv7M4_T_le_v4SPD16_eabi.lib : pre_init.c.obj (.text:_system_pre_init)
                  0000ac18    00000004                                   : exit.c.obj (.text:abort:abort)

.cinit     0    0000ac20    00000100     
                  0000ac20    000000d8     (.cinit..data.load) [load image, compression = lzss]
                  0000acf8    0000000c     (__TI_handler_table)
                  0000ad04    00000004     --HOLE-- [fill = 0]
                  0000ad08    00000008     (.cinit..bss.load) [load image, compression = zero_init]
                  0000ad10    00000010     (__TI_cinit_table)

.init_array 
*          0    00000000    00000000     UNINITIALIZED

.bss       0    20000000    0000075e     UNINITIALIZED
                  20000000    00000234     sd_card.obj (.bss:g_sFatFs)
                  20000234    00000224     sd_card.obj (.bss:g_sFileObject)
                  20000458    00000200     ff.obj (.bss:LfnBuf)
                  20000658    00000050     sd_card.obj (.bss:g_pcTmpBuf)
                  200006a8    00000040     sd_card.obj (.bss:g_pcCmdBuf)
                  200006e8    00000024     cmdline.obj (.bss:g_ppcArgv)
                  2000070c    00000024     sd_card.obj (.bss:g_sDirObject)
                  20000730    00000020     sd_card.obj (.bss:g_sFileInfo)
                  20000750    00000004     ff.obj (.bss:FatFs)
                  20000754    00000004     (.common:valueToSave)
                  20000758    00000003     mmc-dk-tm4c123g.obj (.bss)
                  2000075b    00000001     --HOLE--
                  2000075c    00000002     ff.obj (.bss)

.data      0    20000b60    00000163     UNINITIALIZED
                  20000b60    000000a0     sd_card.obj (.data:g_psFResultStrings)
                  20000c00    0000006c     sd_card.obj (.data:g_psCmdTable)
                  20000c6c    00000050     sd_card.obj (.data:g_pcCwdBuf)
                  20000cbc    00000005     uartstdio.obj (.data)
                  20000cc1    00000002     mmc-dk-tm4c123g.obj (.data)

.stack     0    20000760    00000400     UNINITIALIZED
                  20000760    00000004     rtsv7M4_T_le_v4SPD16_eabi.lib : boot_cortex_m.c.obj (.stack)
                  20000764    000003fc     --HOLE--

MODULE SUMMARY

       Module                       code    ro data   rw data
       ------                       ----    -------   -------
    ./
       sd_card.obj                  1776    522       1676   
       startup_ccs.obj              12      620       0      
       flash.obj                    276     0         0      
    +--+----------------------------+-------+---------+---------+
       Total:                       2064    1142      1676   
                                                             
    ./third_party/fatfs/port/
       mmc-dk-tm4c123g.obj          1546    0         5      
    +--+----------------------------+-------+---------+---------+
       Total:                       1546    0         5      
                                                             
    ./third_party/fatfs/src/
       ff.obj                       5493    13        518    
    +--+----------------------------+-------+---------+---------+
       Total:                       5493    13        518    
                                                             
    ./third_party/fatfs/src/option/
       cc932.obj                    136     30520     0      
    +--+----------------------------+-------+---------+---------+
       Total:                       136     30520     0      
                                                             
    ./utils/
       uartstdio.obj                840     24        5      
       cmdline.obj                  100     0         36     
    +--+----------------------------+-------+---------+---------+
       Total:                       940     24        41     
                                                             
    /Applications/ti/ccs920/ccs/tools/compiler/ti-cgt-arm_18.12.3.LTS/lib/rtsv7M4_T_le_v4SPD16_eabi.lib
       memcpy_t2.asm.obj            156     0         0      
       memset_t2.asm.obj            122     0         0      
       copy_decompress_lzss.c.obj   104     0         0      
       autoinit.c.obj               68      0         0      
       u_divt2.asm.obj              64      0         0      
       strncpy.c.obj                54      0         0      
       boot_cortex_m.c.obj          52      0         0      
       strcat.c.obj                 30      0         0      
       strcmp.c.obj                 24      0         0      
       strcpy.c.obj                 20      0         0      
       strlen.c.obj                 20      0         0      
       copy_decompress_none.c.obj   14      0         0      
       copy_zero_init.c.obj         12      0         0      
       exit.c.obj                   4       0         0      
       pre_init.c.obj               4       0         0      
       div0.asm.obj                 2       0         0      
    +--+----------------------------+-------+---------+---------+
       Total:                       750     0         0      
                                                             
    /Users/margalitnoa/ti/tivaware_c_series_2_1_4_178/driverlib/ccs/Debug/driverlib.lib
       sysctl.obj                   574     108       0      
       gpio.obj                     468     144       0      
       ssi.obj                      100     0         0      
       uart.obj                     6       0         0      
    +--+----------------------------+-------+---------+---------+
       Total:                       1148    252       0      
                                                             
       Stack:                       0       0         1024   
       Linker Generated:            0       252       0      
    +--+----------------------------+-------+---------+---------+
       Grand Total:                 12077   32203     3264   


LINKER GENERATED COPY TABLES

__TI_cinit_table @ 0000ad10 records: 2, size/record: 8, table size: 16
	.data: load addr=0000ac20, load size=000000d8 bytes, run addr=20000b60, run size=00000163 bytes, compression=lzss
	.bss: load addr=0000ad08, load size=00000008 bytes, run addr=20000000, run size=0000075e bytes, compression=zero_init


LINKER GENERATED HANDLER TABLE

__TI_handler_table @ 0000acf8 records: 3, size/record: 4, table size: 12
	index: 0, handler: __TI_decompress_lzss
	index: 1, handler: __TI_decompress_none
	index: 2, handler: __TI_zero_init


GLOBAL SYMBOLS: SORTED ALPHABETICALLY BY Name 

address   name                          
-------   ----                          
0000ac19  C$$EXIT                       
00009fd1  CmdLineProcess                
000093f9  Cmd_cat                       
00008f25  Cmd_cd                        
0000a035  Cmd_help                      
00008659  Cmd_ls                        
0000aaa1  Cmd_pwd                       
00009da5  ConfigureUART                 
00009c2d  FLASHInit                     
0000a731  FLASHReadResponse             
0000a3a9  FLASHSendCommand              
0000a8f5  GPIODirModeSet                
00008bd1  GPIOPadConfigSet              
0000a559  GPIOPinConfigure              
0000aab9  GPIOPinTypeGPIOOutput         
0000ab53  GPIOPinTypeSSI                
0000abfd  GPIOPinWrite                  
0000ac03  ResetISR                      
0000abed  SSIBusy                       
0000a6f3  SSIConfigSetExpClk            
0000aba7  SSIDataGet                    
0000abd9  SSIDataPut                    
0000abe3  SSIEnable                     
0000a7a1  StringFromFResult             
00008e15  SysCtlClockGet                
00009221  SysCtlClockSet                
0000ac09  SysCtlDelay                   
0000a7d5  SysCtlPeripheralEnable        
0000a995  SysTickHandler                
0000ac0f  UARTClockSourceSet            
0000a229  UARTStdioConfig               
00009a6d  UARTgets                      
0000aa85  UARTprintf                    
00008469  UARTvprintf                   
0000a5a1  UARTwrite                     
20000b60  __STACK_END                   
00000400  __STACK_SIZE                  
20000b60  __STACK_TOP                   
0000ad10  __TI_CINIT_Base               
0000ad20  __TI_CINIT_Limit              
0000acf8  __TI_Handler_Table_Base       
0000ad04  __TI_Handler_Table_Limit      
0000a631  __TI_auto_init_nobinit_nopinit
00009f01  __TI_decompress_lzss          
0000ab99  __TI_decompress_none          
ffffffff  __TI_pprof_out_hndl           
ffffffff  __TI_prof_data_size           
ffffffff  __TI_prof_data_start          
00000000  __TI_static_base__            
0000abb3  __TI_zero_init                
000097eb  __aeabi_idiv0                 
000097eb  __aeabi_ldiv0                 
00009d29  __aeabi_memclr                
00009d29  __aeabi_memclr4               
00009d29  __aeabi_memclr8               
000099cf  __aeabi_memcpy                
000099cf  __aeabi_memcpy4               
000099cf  __aeabi_memcpy8               
00009d2b  __aeabi_memset                
00009d2b  __aeabi_memset4               
00009d2b  __aeabi_memset8               
0000a675  __aeabi_uidiv                 
0000a675  __aeabi_uidivmod              
ffffffff  __binit__                     
ffffffff  __c_args__                    
UNDEFED   __mpu_init                    
20000760  __stack                       
0000a809  _c_int00_noargs               
UNDEFED   _system_post_cinit            
0000ac15  _system_pre_init              
0000ac19  abort                         
ffffffff  binit                         
0000aad1  clust2sect                    
00008a91  disk_initialize               
00009b9d  disk_read                     
0000ab79  disk_status                   
0000a995  disk_timerproc                
0000967d  disk_write                    
000094d9  f_getfree                     
0000a89d  f_mount                       
00008941  f_open                        
0000a099  f_opendir                     
000087e1  f_read                        
0000a45d  f_readdir                     
0000a289  ff_convert                    
0000a921  ff_wtoupper                   
00000000  g_pfnVectors                  
20000c00  g_psCmdTable                  
20000b60  g_psFResultStrings            
00009891  gen_numname                   
000095b1  get_fat                       
0000abf5  get_fattime                   
00007fdd  main                          
000099cf  memcpy                        
00009d31  memset                        
00009315  put_fat                       
0000a9f3  strcat                        
0000aae9  strcmp                        
0000ab2b  strcpy                        
0000ab3f  strlen                        
0000a769  strncpy                       
20000754  valueToSave                   


GLOBAL SYMBOLS: SORTED BY Symbol Address 

address   name                          
-------   ----                          
00000000  __TI_static_base__            
00000000  g_pfnVectors                  
00000400  __STACK_SIZE                  
00007fdd  main                          
00008469  UARTvprintf                   
00008659  Cmd_ls                        
000087e1  f_read                        
00008941  f_open                        
00008a91  disk_initialize               
00008bd1  GPIOPadConfigSet              
00008e15  SysCtlClockGet                
00008f25  Cmd_cd                        
00009221  SysCtlClockSet                
00009315  put_fat                       
000093f9  Cmd_cat                       
000094d9  f_getfree                     
000095b1  get_fat                       
0000967d  disk_write                    
000097eb  __aeabi_idiv0                 
000097eb  __aeabi_ldiv0                 
00009891  gen_numname                   
000099cf  __aeabi_memcpy                
000099cf  __aeabi_memcpy4               
000099cf  __aeabi_memcpy8               
000099cf  memcpy                        
00009a6d  UARTgets                      
00009b9d  disk_read                     
00009c2d  FLASHInit                     
00009d29  __aeabi_memclr                
00009d29  __aeabi_memclr4               
00009d29  __aeabi_memclr8               
00009d2b  __aeabi_memset                
00009d2b  __aeabi_memset4               
00009d2b  __aeabi_memset8               
00009d31  memset                        
00009da5  ConfigureUART                 
00009f01  __TI_decompress_lzss          
00009fd1  CmdLineProcess                
0000a035  Cmd_help                      
0000a099  f_opendir                     
0000a229  UARTStdioConfig               
0000a289  ff_convert                    
0000a3a9  FLASHSendCommand              
0000a45d  f_readdir                     
0000a559  GPIOPinConfigure              
0000a5a1  UARTwrite                     
0000a631  __TI_auto_init_nobinit_nopinit
0000a675  __aeabi_uidiv                 
0000a675  __aeabi_uidivmod              
0000a6f3  SSIConfigSetExpClk            
0000a731  FLASHReadResponse             
0000a769  strncpy                       
0000a7a1  StringFromFResult             
0000a7d5  SysCtlPeripheralEnable        
0000a809  _c_int00_noargs               
0000a89d  f_mount                       
0000a8f5  GPIODirModeSet                
0000a921  ff_wtoupper                   
0000a995  SysTickHandler                
0000a995  disk_timerproc                
0000a9f3  strcat                        
0000aa85  UARTprintf                    
0000aaa1  Cmd_pwd                       
0000aab9  GPIOPinTypeGPIOOutput         
0000aad1  clust2sect                    
0000aae9  strcmp                        
0000ab2b  strcpy                        
0000ab3f  strlen                        
0000ab53  GPIOPinTypeSSI                
0000ab79  disk_status                   
0000ab99  __TI_decompress_none          
0000aba7  SSIDataGet                    
0000abb3  __TI_zero_init                
0000abd9  SSIDataPut                    
0000abe3  SSIEnable                     
0000abed  SSIBusy                       
0000abf5  get_fattime                   
0000abfd  GPIOPinWrite                  
0000ac03  ResetISR                      
0000ac09  SysCtlDelay                   
0000ac0f  UARTClockSourceSet            
0000ac15  _system_pre_init              
0000ac19  C$$EXIT                       
0000ac19  abort                         
0000acf8  __TI_Handler_Table_Base       
0000ad04  __TI_Handler_Table_Limit      
0000ad10  __TI_CINIT_Base               
0000ad20  __TI_CINIT_Limit              
20000754  valueToSave                   
20000760  __stack                       
20000b60  __STACK_END                   
20000b60  __STACK_TOP                   
20000b60  g_psFResultStrings            
20000c00  g_psCmdTable                  
ffffffff  __TI_pprof_out_hndl           
ffffffff  __TI_prof_data_size           
ffffffff  __TI_prof_data_start          
ffffffff  __binit__                     
ffffffff  __c_args__                    
ffffffff  binit                         
UNDEFED   __mpu_init                    
UNDEFED   _system_post_cinit            

[102 symbols]
